******************************************************************************
                  MSP430 Linker PC v4.1.7                      
******************************************************************************
>> Linked Mon Apr 21 13:26:33 2014

OUTPUT FILE NAME:   <BOOST-DRV8711_FIRMWAREv0.1.out>
ENTRY POINT SYMBOL: "_c_int00"  address: 0000d3c8


MEMORY CONFIGURATION

         name            origin    length      used     unused   attr    fill
----------------------  --------  ---------  --------  --------  ----  --------
  SFR                   00000000   00000010  00000000  00000010  RWIX
  PERIPHERALS_8BIT      00000010   000000f0  00000000  000000f0  RWIX
  PERIPHERALS_16BIT     00000100   00000100  00000000  00000100  RWIX
  RAM                   00000200   00000200  00000130  000000d0  RWIX
  INFOD                 00001000   00000040  00000000  00000040  RWIX
  INFOC                 00001040   00000040  00000000  00000040  RWIX
  INFOB                 00001080   00000040  00000000  00000040  RWIX
  INFOA                 000010c0   00000040  00000000  00000040  RWIX
  FLASH                 0000c000   00003fe0  000014ee  00002af2  RWIX
  INT00                 0000ffe0   00000002  00000000  00000002  RWIX
  INT01                 0000ffe2   00000002  00000000  00000002  RWIX
  INT02                 0000ffe4   00000002  00000002  00000000  RWIX
  INT03                 0000ffe6   00000002  00000002  00000000  RWIX
  INT04                 0000ffe8   00000002  00000000  00000002  RWIX
  INT05                 0000ffea   00000002  00000002  00000000  RWIX
  INT06                 0000ffec   00000002  00000002  00000000  RWIX
  INT07                 0000ffee   00000002  00000002  00000000  RWIX
  INT08                 0000fff0   00000002  00000002  00000000  RWIX
  INT09                 0000fff2   00000002  00000002  00000000  RWIX
  INT10                 0000fff4   00000002  00000002  00000000  RWIX
  INT11                 0000fff6   00000002  00000002  00000000  RWIX
  INT12                 0000fff8   00000002  00000002  00000000  RWIX
  INT13                 0000fffa   00000002  00000002  00000000  RWIX
  INT14                 0000fffc   00000002  00000002  00000000  RWIX
  RESET                 0000fffe   00000002  00000002  00000000  RWIX


SECTION ALLOCATION MAP

 output                                  attributes/
section   page    origin      length       input sections
--------  ----  ----------  ----------   ----------------
.init_array 
*          0    0000c000    00000000     UNINITIALIZED

.bss       0    00000200    00000096     UNINITIALIZED
                  00000200    00000050     utility.obj (.bss)
                  00000250    00000046     monitor.obj (.bss)

.TI.noinit 
*          0    00000200    00000000     UNINITIALIZED

.data      0    00000296    0000004a     
                  00000296    00000048     utility.obj (.data)
                  000002de    00000002     monitor.obj (.data)

.TI.persistent 
*          0    00000296    00000000     UNINITIALIZED

.stack     0    000003b0    00000050     UNINITIALIZED
                  000003b0    00000002     rts430_eabi.lib : boot.obj (.stack)
                  000003b2    0000004e     --HOLE--

.text      0    0000c000    000014ce     
                  0000c000    00000280     utility.obj (.text:StepProfile)
                  0000c280    00000220     utility.obj (.text:ReadAllRegisters)
                  0000c4a0    000001dc     utility.obj (.text:SpeedProfile)
                  0000c67c    00000194     utility.obj (.text:Initialize)
                  0000c810    00000130     rts430_eabi.lib : fs_add.obj (.text)
                  0000c940    0000012e     utility.obj (.text:WriteAllRegisters)
                  0000ca6e    00000128     utility.obj (.text:UpdateStepperMotionProfile)
                  0000cb96    00000126     utility.obj (.text:UpdateGPIO)
                  0000ccbc    000000c2     rts430_eabi.lib : fs_mpy.obj (.text)
                  0000cd7e    0000009a                     : fs_div.obj (.text)
                  0000ce18    00000098     utility.obj (.text:UpdateDRV8711Registers)
                  0000ceb0    00000066     monitor.obj (.text:receivedDataCommand)
                  0000cf16    0000005e     rts430_eabi.lib : copy_decompress_rle.obj (.text:__TI_decompress_rle_core)
                  0000cf74    0000005e                     : autoinit.obj (.text:_auto_init)
                  0000cfd2    00000058                     : div32u.obj (.text)
                  0000d02a    00000050     monitor.obj (.text:MemAccessCmd)
                  0000d07a    0000004c     rts430_eabi.lib : lsr16.obj (.text)
                  0000d0c6    0000004a     monitor.obj (.text:WriteMAUToCOM)
                  0000d110    00000046     rts430_eabi.lib : fs_tou.obj (.text)
                  0000d156    00000040                     : div32s.obj (.text)
                  0000d196    0000003c     main.obj (.text:Timer1_A1)
                  0000d1d2    0000003a     monitor.obj (.text:GetInCmdAddress)
                  0000d20c    00000038     monitor.obj (.text:GetWriteCmdDataMAU)
                  0000d244    00000032     uart.obj (.text:USCI0RX_ISR)
                  0000d276    00000030     utility.obj (.text:SPI_DRV8711_ReadWrite)
                  0000d2a6    0000002c     rts430_eabi.lib : asr16.obj (.text)
                  0000d2d2    0000002c                     : lsl16.obj (.text)
                  0000d2fe    0000002a     uart.obj (.text:uartInit)
                  0000d328    00000026     monitor.obj (.text:ProcessCommand)
                  0000d34e    00000024     rts430_eabi.lib : fs_utof.obj (.text)
                  0000d372    0000001e     monitor.obj (.text:GetSizeOfMAUIn8bitByte)
                  0000d390    0000001e     main.obj (.text:Timer1_A0)
                  0000d3ae    0000001a     monitor.obj (.text:WriteToCmdBuffer)
                  0000d3c8    0000001a     rts430_eabi.lib : boot.obj (.text:_c_int00_noexit)
                  0000d3e2    00000016     main.obj (.text:main)
                  0000d3f8    00000014     monitor.obj (.text:VerifyInputCmdHeaders)
                  0000d40c    00000014     rts430_eabi.lib : copy_zero_init.obj (.text:decompress:ZI:__TI_zero_init)
                  0000d420    00000014                     : mult16.obj (.text)
                  0000d434    00000012                     : copy_decompress_none.obj (.text:decompress:none:__TI_decompress_none)
                  0000d446    00000012                     : memcpy.obj (.text:memcpy)
                  0000d458    00000010     monitor.obj (.text:WriteByteToInCmdBuffer)
                  0000d468    00000010     rts430_eabi.lib : epilog.obj (.text)
                  0000d478    0000000c     monitor.obj (.text:GetRWFlag)
                  0000d484    0000000c     main.obj (.text:WatchDog_Timer)
                  0000d490    0000000c     uart.obj (.text:uartTxByte)
                  0000d49c    0000000a     monitor.obj (.text:ClearBufferRelatedParam)
                  0000d4a6    0000000a     monitor.obj (.text:GetInputCmdType)
                  0000d4b0    0000000a     monitor.obj (.text:GetTransferSizeInMAU)
                  0000d4ba    00000006     rts430_eabi.lib : copy_decompress_rle.obj (.text:decompress:rle24:__TI_decompress_rle24)
                  0000d4c0    00000004     monitor.obj (.text:GetTargetEndianness)
                  0000d4c4    00000004     rts430_eabi.lib : pre_init.obj (.text:_system_pre_init)
                  0000d4c8    00000004                     : exit.obj (.text:abort)
                  0000d4cc    00000002     main.obj (.text:Trap_ISR)

.cinit     0    0000d4ce    00000020     
                  0000d4ce    0000000d     (.cinit..data.load) [load image, compression = rle]
                  0000d4db    00000001     --HOLE-- [fill = 0]
                  0000d4dc    00000006     (__TI_handler_table)
                  0000d4e2    00000004     (.cinit..bss.load) [load image, compression = zero_init]
                  0000d4e6    00000008     (__TI_cinit_table)

PORT1      0    0000ffe4    00000002     
                  0000ffe4    00000002     main.obj (.int02)

PORT2      0    0000ffe6    00000002     
                  0000ffe6    00000002     main.obj (.int03)

ADC10      0    0000ffea    00000002     
                  0000ffea    00000002     main.obj (.int05)

USCIAB0TX 
*          0    0000ffec    00000002     
                  0000ffec    00000002     main.obj (.int06)

USCIAB0RX 
*          0    0000ffee    00000002     
                  0000ffee    00000002     uart.obj (.int07)

TIMER0_A1 
*          0    0000fff0    00000002     
                  0000fff0    00000002     main.obj (.int08)

TIMER0_A0 
*          0    0000fff2    00000002     
                  0000fff2    00000002     main.obj (.int09)

WDT        0    0000fff4    00000002     
                  0000fff4    00000002     main.obj (.int10)

COMPARATORA 
*          0    0000fff6    00000002     
                  0000fff6    00000002     main.obj (.int11)

TIMER1_A1 
*          0    0000fff8    00000002     
                  0000fff8    00000002     main.obj (.int12)

TIMER1_A0 
*          0    0000fffa    00000002     
                  0000fffa    00000002     main.obj (.int13)

NMI        0    0000fffc    00000002     
                  0000fffc    00000002     main.obj (.int14)

.reset     0    0000fffe    00000002     
                  0000fffe    00000002     rts430_eabi.lib : boot.obj (.reset)


LINKER GENERATED COPY TABLES

__TI_cinit_table @ 0000d4e6 records: 2, size/record: 4, table size: 8
	.data: load addr=0000d4ce, load size=0000000d bytes, run addr=00000296, run size=0000004a bytes, compression=rle
	.bss: load addr=0000d4e2, load size=00000004 bytes, run addr=00000200, run size=00000096 bytes, compression=zero_init


LINKER GENERATED HANDLER TABLE

__TI_handler_table @ 0000d4dc records: 3, size/record: 2, table size: 6
	index: 0, handler: __TI_zero_init
	index: 1, handler: __TI_decompress_rle24
	index: 2, handler: __TI_decompress_none


GLOBAL SYMBOLS: SORTED ALPHABETICALLY BY Name 

address    name
--------   ----
0000004a   ADC10AE0
000001b0   ADC10CTL0
000001b2   ADC10CTL1
00000048   ADC10DTC0
00000049   ADC10DTC1
000001b4   ADC10MEM
000001bc   ADC10SA
00000057   BCSCTL1
00000058   BCSCTL2
00000053   BCSCTL3
0000d4c8   C$$EXIT
00000059   CACTL1
0000005a   CACTL2
000010fb   CALBC1_12MHZ
000010f9   CALBC1_16MHZ
000010ff   CALBC1_1MHZ
000010fd   CALBC1_8MHZ
000010fa   CALDCO_12MHZ
000010f8   CALDCO_16MHZ
000010fe   CALDCO_1MHZ
000010fc   CALDCO_8MHZ
0000005b   CAPD
0000d49c   ClearBufferRelatedParam
00000056   DCOCTL
00000128   FCTL1
0000012a   FCTL2
0000012c   FCTL3
000002c6   G_ACCEL_FLAG
000002ae   G_ACCEL_RATE
000002d8   G_BIN1
000002d6   G_BIN2
0000021c   G_BLANK_REG
00000296   G_BYPASS_INDEXER
00000200   G_CTRL_REG
000002be   G_CUR_NUM_STEPS
000002c0   G_CUR_SPEED
000002c2   G_CUR_SPEED_TEMP
00000222   G_DECAY_REG
000002d4   G_DIR_AIN2
00000230   G_DRIVE_REG
000002cc   G_LOAD_CCR_VALS
000002a4   G_MANUAL_READ
0000029e   G_MANUAL_WRITE
000002b4   G_MOTOR_STATE
00000216   G_OFF_REG
000002a6   G_READ_ADDR
0000029a   G_READ_ALL_REG
000002a8   G_READ_DATA
000002d0   G_RESET
0000029c   G_RESET_FAULTS
000002c4   G_SPEED_INCR
000002b6   G_SPEED_PROFILE
000002b8   G_SPEED_PROFILE_LOCK
00000228   G_STALL_REG
000002aa   G_START_STOP_SPEED
0000023e   G_STATUS_REG
000002b2   G_STEPS_TO_ACCEL
000002d2   G_STEP_AIN1
000002ba   G_STEP_PROFILE
000002bc   G_STEP_PROFILE_LOCK
000002c8   G_TA1CCR0_TEMP
000002ca   G_TA1CCR1_TEMP
000002ac   G_TARGET_SPEED
00000210   G_TORQUE_REG
000002b0   G_TOTAL_NUM_STEPS
000002a0   G_WRITE_ADDR
00000298   G_WRITE_ALL_REG
000002a2   G_WRITE_DATA
000002da   G_nFAULT
000002ce   G_nSLEEP
000002dc   G_nSTALL
0000d1d2   GetInCmdAddress
0000d4a6   GetInputCmdType
0000d478   GetRWFlag
0000d372   GetSizeOfMAUIn8bitByte
0000d4c0   GetTargetEndianness
0000d4b0   GetTransferSizeInMAU
0000d20c   GetWriteCmdDataMAU
00000000   IE1
00000001   IE2
00000002   IFG1
00000003   IFG2
0000c67c   Initialize
0000d02a   MemAccessCmd
00000022   P1DIR
00000025   P1IE
00000024   P1IES
00000023   P1IFG
00000020   P1IN
00000021   P1OUT
00000027   P1REN
00000026   P1SEL
00000041   P1SEL2
0000002a   P2DIR
0000002d   P2IE
0000002c   P2IES
0000002b   P2IFG
00000028   P2IN
00000029   P2OUT
0000002f   P2REN
0000002e   P2SEL
00000042   P2SEL2
0000001a   P3DIR
00000018   P3IN
00000019   P3OUT
00000010   P3REN
0000001b   P3SEL
00000043   P3SEL2
0000d328   ProcessCommand
0000c280   ReadAllRegisters
0000d276   SPI_DRV8711_ReadWrite
0000c4a0   SpeedProfile
0000c000   StepProfile
00000172   TA0CCR0
00000174   TA0CCR1
00000176   TA0CCR2
00000162   TA0CCTL0
00000164   TA0CCTL1
00000166   TA0CCTL2
00000160   TA0CTL
0000012e   TA0IV
00000170   TA0R
00000192   TA1CCR0
00000194   TA1CCR1
00000196   TA1CCR2
00000182   TA1CCTL0
00000184   TA1CCTL1
00000186   TA1CCTL2
00000180   TA1CTL
0000011e   TA1IV
00000190   TA1R
0000d390   Timer1_A0
0000d196   Timer1_A1
0000d4cc   Trap_ISR
0000005d   UCA0ABCTL
00000062   UCA0BR0
00000063   UCA0BR1
00000060   UCA0CTL0
00000061   UCA0CTL1
0000005f   UCA0IRRCTL
0000005e   UCA0IRTCTL
00000064   UCA0MCTL
00000066   UCA0RXBUF
00000065   UCA0STAT
00000067   UCA0TXBUF
0000006a   UCB0BR0
0000006b   UCB0BR1
00000068   UCB0CTL0
00000069   UCB0CTL1
0000006c   UCB0I2CIE
00000118   UCB0I2COA
0000011a   UCB0I2CSA
0000006e   UCB0RXBUF
0000006d   UCB0STAT
0000006f   UCB0TXBUF
0000d244   USCI0RX_ISR
0000ce18   UpdateDRV8711Registers
0000cb96   UpdateGPIO
0000ca6e   UpdateStepperMotionProfile
0000d3f8   VerifyInputCmdHeaders
00000120   WDTCTL
0000d484   WatchDog_Timer
0000d490   Write8bitByteToCOM
0000c940   WriteAllRegisters
0000d458   WriteByteToInCmdBuffer
0000d0c6   WriteMAUToCOM
0000d3ae   WriteToCmdBuffer
00000400   __STACK_END
00000050   __STACK_SIZE
0000d4e6   __TI_CINIT_Base
0000d4ee   __TI_CINIT_Limit
0000d4dc   __TI_Handler_Table_Base
0000d4e2   __TI_Handler_Table_Limit
UNDEFED    __TI_INITARRAY_Base
UNDEFED    __TI_INITARRAY_Limit
00000001   __TI_args_main
0000d434   __TI_decompress_none
0000d4ba   __TI_decompress_rle24
00000001   __TI_exit
0000d40c   __TI_zero_init
ffffffff   __binit__
ffffffff   __c_args__
0000c816   __mspabi_addf
0000cd7e   __mspabi_divf
0000d156   __mspabi_divli
0000cfd2   __mspabi_divul
0000d110   __mspabi_fixfu
0000d34e   __mspabi_fltuf
0000d474   __mspabi_func_epilog_1
0000d472   __mspabi_func_epilog_2
0000d470   __mspabi_func_epilog_3
0000d46e   __mspabi_func_epilog_4
0000d46c   __mspabi_func_epilog_5
0000d46a   __mspabi_func_epilog_6
0000d468   __mspabi_func_epilog_7
0000ccbc   __mspabi_mpyf
0000d420   __mspabi_mpyi
0000d156   __mspabi_remli
0000cfd2   __mspabi_remul
0000d2d2   __mspabi_slli
0000d2fa   __mspabi_slli_1
0000d2e8   __mspabi_slli_10
0000d2e6   __mspabi_slli_11
0000d2e4   __mspabi_slli_12
0000d2e2   __mspabi_slli_13
0000d2e0   __mspabi_slli_14
0000d2de   __mspabi_slli_15
0000d2f8   __mspabi_slli_2
0000d2f6   __mspabi_slli_3
0000d2f4   __mspabi_slli_4
0000d2f2   __mspabi_slli_5
0000d2f0   __mspabi_slli_6
0000d2ee   __mspabi_slli_7
0000d2ec   __mspabi_slli_8
0000d2ea   __mspabi_slli_9
0000d2a6   __mspabi_srai
0000d2ce   __mspabi_srai_1
0000d2bc   __mspabi_srai_10
0000d2ba   __mspabi_srai_11
0000d2b8   __mspabi_srai_12
0000d2b6   __mspabi_srai_13
0000d2b4   __mspabi_srai_14
0000d2b2   __mspabi_srai_15
0000d2cc   __mspabi_srai_2
0000d2ca   __mspabi_srai_3
0000d2c8   __mspabi_srai_4
0000d2c6   __mspabi_srai_5
0000d2c4   __mspabi_srai_6
0000d2c2   __mspabi_srai_7
0000d2c0   __mspabi_srai_8
0000d2be   __mspabi_srai_9
0000d07a   __mspabi_srli
0000d0c0   __mspabi_srli_1
0000d09c   __mspabi_srli_10
0000d098   __mspabi_srli_11
0000d094   __mspabi_srli_12
0000d090   __mspabi_srli_13
0000d08c   __mspabi_srli_14
0000d088   __mspabi_srli_15
0000d0bc   __mspabi_srli_2
0000d0b8   __mspabi_srli_3
0000d0b4   __mspabi_srli_4
0000d0b0   __mspabi_srli_5
0000d0ac   __mspabi_srli_6
0000d0a8   __mspabi_srli_7
0000d0a4   __mspabi_srli_8
0000d0a0   __mspabi_srli_9
0000c810   __mspabi_subf
0000cf74   _auto_init
0000d3c8   _c_int00
0000d3c8   _c_int00_noexit
0000fffe   _reset_vector
000003b0   _stack
0000d4c4   _system_pre_init
0000d4c8   abort
ffffffff   binit
00000250   gInCmdBuffer
000002de   gInCmdBufferIdx
00000294   gInCmdSkipCount
0000d3e2   main
0000d446   memcpy
0000ceb0   receivedDataCommand
0000d2fe   uartInit
0000d490   uartTxByte


GLOBAL SYMBOLS: SORTED BY Symbol Address 

address    name
--------   ----
00000000   IE1
00000001   IE2
00000001   __TI_args_main
00000001   __TI_exit
00000002   IFG1
00000003   IFG2
00000010   P3REN
00000018   P3IN
00000019   P3OUT
0000001a   P3DIR
0000001b   P3SEL
00000020   P1IN
00000021   P1OUT
00000022   P1DIR
00000023   P1IFG
00000024   P1IES
00000025   P1IE
00000026   P1SEL
00000027   P1REN
00000028   P2IN
00000029   P2OUT
0000002a   P2DIR
0000002b   P2IFG
0000002c   P2IES
0000002d   P2IE
0000002e   P2SEL
0000002f   P2REN
00000041   P1SEL2
00000042   P2SEL2
00000043   P3SEL2
00000048   ADC10DTC0
00000049   ADC10DTC1
0000004a   ADC10AE0
00000050   __STACK_SIZE
00000053   BCSCTL3
00000056   DCOCTL
00000057   BCSCTL1
00000058   BCSCTL2
00000059   CACTL1
0000005a   CACTL2
0000005b   CAPD
0000005d   UCA0ABCTL
0000005e   UCA0IRTCTL
0000005f   UCA0IRRCTL
00000060   UCA0CTL0
00000061   UCA0CTL1
00000062   UCA0BR0
00000063   UCA0BR1
00000064   UCA0MCTL
00000065   UCA0STAT
00000066   UCA0RXBUF
00000067   UCA0TXBUF
00000068   UCB0CTL0
00000069   UCB0CTL1
0000006a   UCB0BR0
0000006b   UCB0BR1
0000006c   UCB0I2CIE
0000006d   UCB0STAT
0000006e   UCB0RXBUF
0000006f   UCB0TXBUF
00000118   UCB0I2COA
0000011a   UCB0I2CSA
0000011e   TA1IV
00000120   WDTCTL
00000128   FCTL1
0000012a   FCTL2
0000012c   FCTL3
0000012e   TA0IV
00000160   TA0CTL
00000162   TA0CCTL0
00000164   TA0CCTL1
00000166   TA0CCTL2
00000170   TA0R
00000172   TA0CCR0
00000174   TA0CCR1
00000176   TA0CCR2
00000180   TA1CTL
00000182   TA1CCTL0
00000184   TA1CCTL1
00000186   TA1CCTL2
00000190   TA1R
00000192   TA1CCR0
00000194   TA1CCR1
00000196   TA1CCR2
000001b0   ADC10CTL0
000001b2   ADC10CTL1
000001b4   ADC10MEM
000001bc   ADC10SA
00000200   G_CTRL_REG
00000210   G_TORQUE_REG
00000216   G_OFF_REG
0000021c   G_BLANK_REG
00000222   G_DECAY_REG
00000228   G_STALL_REG
00000230   G_DRIVE_REG
0000023e   G_STATUS_REG
00000250   gInCmdBuffer
00000294   gInCmdSkipCount
00000296   G_BYPASS_INDEXER
00000298   G_WRITE_ALL_REG
0000029a   G_READ_ALL_REG
0000029c   G_RESET_FAULTS
0000029e   G_MANUAL_WRITE
000002a0   G_WRITE_ADDR
000002a2   G_WRITE_DATA
000002a4   G_MANUAL_READ
000002a6   G_READ_ADDR
000002a8   G_READ_DATA
000002aa   G_START_STOP_SPEED
000002ac   G_TARGET_SPEED
000002ae   G_ACCEL_RATE
000002b0   G_TOTAL_NUM_STEPS
000002b2   G_STEPS_TO_ACCEL
000002b4   G_MOTOR_STATE
000002b6   G_SPEED_PROFILE
000002b8   G_SPEED_PROFILE_LOCK
000002ba   G_STEP_PROFILE
000002bc   G_STEP_PROFILE_LOCK
000002be   G_CUR_NUM_STEPS
000002c0   G_CUR_SPEED
000002c2   G_CUR_SPEED_TEMP
000002c4   G_SPEED_INCR
000002c6   G_ACCEL_FLAG
000002c8   G_TA1CCR0_TEMP
000002ca   G_TA1CCR1_TEMP
000002cc   G_LOAD_CCR_VALS
000002ce   G_nSLEEP
000002d0   G_RESET
000002d2   G_STEP_AIN1
000002d4   G_DIR_AIN2
000002d6   G_BIN2
000002d8   G_BIN1
000002da   G_nFAULT
000002dc   G_nSTALL
000002de   gInCmdBufferIdx
000003b0   _stack
00000400   __STACK_END
000010f8   CALDCO_16MHZ
000010f9   CALBC1_16MHZ
000010fa   CALDCO_12MHZ
000010fb   CALBC1_12MHZ
000010fc   CALDCO_8MHZ
000010fd   CALBC1_8MHZ
000010fe   CALDCO_1MHZ
000010ff   CALBC1_1MHZ
0000c000   StepProfile
0000c280   ReadAllRegisters
0000c4a0   SpeedProfile
0000c67c   Initialize
0000c810   __mspabi_subf
0000c816   __mspabi_addf
0000c940   WriteAllRegisters
0000ca6e   UpdateStepperMotionProfile
0000cb96   UpdateGPIO
0000ccbc   __mspabi_mpyf
0000cd7e   __mspabi_divf
0000ce18   UpdateDRV8711Registers
0000ceb0   receivedDataCommand
0000cf74   _auto_init
0000cfd2   __mspabi_divul
0000cfd2   __mspabi_remul
0000d02a   MemAccessCmd
0000d07a   __mspabi_srli
0000d088   __mspabi_srli_15
0000d08c   __mspabi_srli_14
0000d090   __mspabi_srli_13
0000d094   __mspabi_srli_12
0000d098   __mspabi_srli_11
0000d09c   __mspabi_srli_10
0000d0a0   __mspabi_srli_9
0000d0a4   __mspabi_srli_8
0000d0a8   __mspabi_srli_7
0000d0ac   __mspabi_srli_6
0000d0b0   __mspabi_srli_5
0000d0b4   __mspabi_srli_4
0000d0b8   __mspabi_srli_3
0000d0bc   __mspabi_srli_2
0000d0c0   __mspabi_srli_1
0000d0c6   WriteMAUToCOM
0000d110   __mspabi_fixfu
0000d156   __mspabi_divli
0000d156   __mspabi_remli
0000d196   Timer1_A1
0000d1d2   GetInCmdAddress
0000d20c   GetWriteCmdDataMAU
0000d244   USCI0RX_ISR
0000d276   SPI_DRV8711_ReadWrite
0000d2a6   __mspabi_srai
0000d2b2   __mspabi_srai_15
0000d2b4   __mspabi_srai_14
0000d2b6   __mspabi_srai_13
0000d2b8   __mspabi_srai_12
0000d2ba   __mspabi_srai_11
0000d2bc   __mspabi_srai_10
0000d2be   __mspabi_srai_9
0000d2c0   __mspabi_srai_8
0000d2c2   __mspabi_srai_7
0000d2c4   __mspabi_srai_6
0000d2c6   __mspabi_srai_5
0000d2c8   __mspabi_srai_4
0000d2ca   __mspabi_srai_3
0000d2cc   __mspabi_srai_2
0000d2ce   __mspabi_srai_1
0000d2d2   __mspabi_slli
0000d2de   __mspabi_slli_15
0000d2e0   __mspabi_slli_14
0000d2e2   __mspabi_slli_13
0000d2e4   __mspabi_slli_12
0000d2e6   __mspabi_slli_11
0000d2e8   __mspabi_slli_10
0000d2ea   __mspabi_slli_9
0000d2ec   __mspabi_slli_8
0000d2ee   __mspabi_slli_7
0000d2f0   __mspabi_slli_6
0000d2f2   __mspabi_slli_5
0000d2f4   __mspabi_slli_4
0000d2f6   __mspabi_slli_3
0000d2f8   __mspabi_slli_2
0000d2fa   __mspabi_slli_1
0000d2fe   uartInit
0000d328   ProcessCommand
0000d34e   __mspabi_fltuf
0000d372   GetSizeOfMAUIn8bitByte
0000d390   Timer1_A0
0000d3ae   WriteToCmdBuffer
0000d3c8   _c_int00
0000d3c8   _c_int00_noexit
0000d3e2   main
0000d3f8   VerifyInputCmdHeaders
0000d40c   __TI_zero_init
0000d420   __mspabi_mpyi
0000d434   __TI_decompress_none
0000d446   memcpy
0000d458   WriteByteToInCmdBuffer
0000d468   __mspabi_func_epilog_7
0000d46a   __mspabi_func_epilog_6
0000d46c   __mspabi_func_epilog_5
0000d46e   __mspabi_func_epilog_4
0000d470   __mspabi_func_epilog_3
0000d472   __mspabi_func_epilog_2
0000d474   __mspabi_func_epilog_1
0000d478   GetRWFlag
0000d484   WatchDog_Timer
0000d490   Write8bitByteToCOM
0000d490   uartTxByte
0000d49c   ClearBufferRelatedParam
0000d4a6   GetInputCmdType
0000d4b0   GetTransferSizeInMAU
0000d4ba   __TI_decompress_rle24
0000d4c0   GetTargetEndianness
0000d4c4   _system_pre_init
0000d4c8   C$$EXIT
0000d4c8   abort
0000d4cc   Trap_ISR
0000d4dc   __TI_Handler_Table_Base
0000d4e2   __TI_Handler_Table_Limit
0000d4e6   __TI_CINIT_Base
0000d4ee   __TI_CINIT_Limit
0000fffe   _reset_vector
ffffffff   __binit__
ffffffff   __c_args__
ffffffff   binit
UNDEFED    __TI_INITARRAY_Base
UNDEFED    __TI_INITARRAY_Limit

[264 symbols]
