<?xml version="1.0"?>
<link_info>
   <banner>MSP430 Linker PC v4.3.2</banner>
   <copyright>Copyright (c) 2003-2014 Texas Instruments Incorporated</copyright>
   <link_time>0x53e91fa2</link_time>
   <link_errors>0x0</link_errors>
   <output_file>BOOST-DRV8711_FIRMWAREv1.0.out</output_file>
   <entry_point>
      <name>_c_int00</name>
      <address>0xe32c</address>
   </entry_point>
   <input_file_list>
      <input_file id="fl-2">
         <path>.\</path>
         <kind>object</kind>
         <file>utility.obj</file>
         <name>utility.obj</name>
      </input_file>
      <input_file id="fl-3">
         <path>.\</path>
         <kind>object</kind>
         <file>uart.obj</file>
         <name>uart.obj</name>
      </input_file>
      <input_file id="fl-4">
         <path>.\</path>
         <kind>object</kind>
         <file>monitor.obj</file>
         <name>monitor.obj</name>
      </input_file>
      <input_file id="fl-5">
         <path>.\</path>
         <kind>object</kind>
         <file>main.obj</file>
         <name>main.obj</name>
      </input_file>
      <input_file id="fl-33">
         <path>c:\ti\ccsv6\tools\compiler\msp430_4.3.2\lib\</path>
         <kind>archive</kind>
         <file>rts430_eabi.lib</file>
         <name>asr16.obj</name>
      </input_file>
      <input_file id="fl-34">
         <path>c:\ti\ccsv6\tools\compiler\msp430_4.3.2\lib\</path>
         <kind>archive</kind>
         <file>rts430_eabi.lib</file>
         <name>boot.obj</name>
      </input_file>
      <input_file id="fl-35">
         <path>c:\ti\ccsv6\tools\compiler\msp430_4.3.2\lib\</path>
         <kind>archive</kind>
         <file>rts430_eabi.lib</file>
         <name>copy_decompress_none.obj</name>
      </input_file>
      <input_file id="fl-36">
         <path>c:\ti\ccsv6\tools\compiler\msp430_4.3.2\lib\</path>
         <kind>archive</kind>
         <file>rts430_eabi.lib</file>
         <name>copy_decompress_rle.obj</name>
      </input_file>
      <input_file id="fl-37">
         <path>c:\ti\ccsv6\tools\compiler\msp430_4.3.2\lib\</path>
         <kind>archive</kind>
         <file>rts430_eabi.lib</file>
         <name>copy_zero_init.obj</name>
      </input_file>
      <input_file id="fl-38">
         <path>c:\ti\ccsv6\tools\compiler\msp430_4.3.2\lib\</path>
         <kind>archive</kind>
         <file>rts430_eabi.lib</file>
         <name>cvtdf.obj</name>
      </input_file>
      <input_file id="fl-39">
         <path>c:\ti\ccsv6\tools\compiler\msp430_4.3.2\lib\</path>
         <kind>archive</kind>
         <file>rts430_eabi.lib</file>
         <name>cvtfd.obj</name>
      </input_file>
      <input_file id="fl-3a">
         <path>c:\ti\ccsv6\tools\compiler\msp430_4.3.2\lib\</path>
         <kind>archive</kind>
         <file>rts430_eabi.lib</file>
         <name>div32s.obj</name>
      </input_file>
      <input_file id="fl-3b">
         <path>c:\ti\ccsv6\tools\compiler\msp430_4.3.2\lib\</path>
         <kind>archive</kind>
         <file>rts430_eabi.lib</file>
         <name>div32u.obj</name>
      </input_file>
      <input_file id="fl-3c">
         <path>c:\ti\ccsv6\tools\compiler\msp430_4.3.2\lib\</path>
         <kind>archive</kind>
         <file>rts430_eabi.lib</file>
         <name>divd.obj</name>
      </input_file>
      <input_file id="fl-3d">
         <path>c:\ti\ccsv6\tools\compiler\msp430_4.3.2\lib\</path>
         <kind>archive</kind>
         <file>rts430_eabi.lib</file>
         <name>epilog.obj</name>
      </input_file>
      <input_file id="fl-3e">
         <path>c:\ti\ccsv6\tools\compiler\msp430_4.3.2\lib\</path>
         <kind>archive</kind>
         <file>rts430_eabi.lib</file>
         <name>exit.obj</name>
      </input_file>
      <input_file id="fl-3f">
         <path>c:\ti\ccsv6\tools\compiler\msp430_4.3.2\lib\</path>
         <kind>archive</kind>
         <file>rts430_eabi.lib</file>
         <name>frcdivd.obj</name>
      </input_file>
      <input_file id="fl-40">
         <path>c:\ti\ccsv6\tools\compiler\msp430_4.3.2\lib\</path>
         <kind>archive</kind>
         <file>rts430_eabi.lib</file>
         <name>fs_add.obj</name>
      </input_file>
      <input_file id="fl-41">
         <path>c:\ti\ccsv6\tools\compiler\msp430_4.3.2\lib\</path>
         <kind>archive</kind>
         <file>rts430_eabi.lib</file>
         <name>fs_div.obj</name>
      </input_file>
      <input_file id="fl-42">
         <path>c:\ti\ccsv6\tools\compiler\msp430_4.3.2\lib\</path>
         <kind>archive</kind>
         <file>rts430_eabi.lib</file>
         <name>fs_mpy.obj</name>
      </input_file>
      <input_file id="fl-43">
         <path>c:\ti\ccsv6\tools\compiler\msp430_4.3.2\lib\</path>
         <kind>archive</kind>
         <file>rts430_eabi.lib</file>
         <name>fs_tou.obj</name>
      </input_file>
      <input_file id="fl-44">
         <path>c:\ti\ccsv6\tools\compiler\msp430_4.3.2\lib\</path>
         <kind>archive</kind>
         <file>rts430_eabi.lib</file>
         <name>fs_utof.obj</name>
      </input_file>
      <input_file id="fl-45">
         <path>c:\ti\ccsv6\tools\compiler\msp430_4.3.2\lib\</path>
         <kind>archive</kind>
         <file>rts430_eabi.lib</file>
         <name>lsl16.obj</name>
      </input_file>
      <input_file id="fl-46">
         <path>c:\ti\ccsv6\tools\compiler\msp430_4.3.2\lib\</path>
         <kind>archive</kind>
         <file>rts430_eabi.lib</file>
         <name>lsl32.obj</name>
      </input_file>
      <input_file id="fl-47">
         <path>c:\ti\ccsv6\tools\compiler\msp430_4.3.2\lib\</path>
         <kind>archive</kind>
         <file>rts430_eabi.lib</file>
         <name>lsr16.obj</name>
      </input_file>
      <input_file id="fl-48">
         <path>c:\ti\ccsv6\tools\compiler\msp430_4.3.2\lib\</path>
         <kind>archive</kind>
         <file>rts430_eabi.lib</file>
         <name>lsr32.obj</name>
      </input_file>
      <input_file id="fl-49">
         <path>c:\ti\ccsv6\tools\compiler\msp430_4.3.2\lib\</path>
         <kind>archive</kind>
         <file>rts430_eabi.lib</file>
         <name>memcpy.obj</name>
      </input_file>
      <input_file id="fl-4a">
         <path>c:\ti\ccsv6\tools\compiler\msp430_4.3.2\lib\</path>
         <kind>archive</kind>
         <file>rts430_eabi.lib</file>
         <name>mpu_init.obj</name>
      </input_file>
      <input_file id="fl-4b">
         <path>c:\ti\ccsv6\tools\compiler\msp430_4.3.2\lib\</path>
         <kind>archive</kind>
         <file>rts430_eabi.lib</file>
         <name>mpyd.obj</name>
      </input_file>
      <input_file id="fl-4c">
         <path>c:\ti\ccsv6\tools\compiler\msp430_4.3.2\lib\</path>
         <kind>archive</kind>
         <file>rts430_eabi.lib</file>
         <name>mult16.obj</name>
      </input_file>
      <input_file id="fl-4d">
         <path>c:\ti\ccsv6\tools\compiler\msp430_4.3.2\lib\</path>
         <kind>archive</kind>
         <file>rts430_eabi.lib</file>
         <name>mult32.obj</name>
      </input_file>
      <input_file id="fl-4e">
         <path>c:\ti\ccsv6\tools\compiler\msp430_4.3.2\lib\</path>
         <kind>archive</kind>
         <file>rts430_eabi.lib</file>
         <name>pre_init.obj</name>
      </input_file>
      <input_file id="fl-4f">
         <path>c:\ti\ccsv6\tools\compiler\msp430_4.3.2\lib\</path>
         <kind>archive</kind>
         <file>rts430_eabi.lib</file>
         <name>_lock.obj</name>
      </input_file>
      <input_file id="fl-50">
         <path>c:\ti\ccsv6\tools\compiler\msp430_4.3.2\lib\</path>
         <kind>archive</kind>
         <file>rts430_eabi.lib</file>
         <name>args_main.obj</name>
      </input_file>
      <input_file id="fl-51">
         <path>c:\ti\ccsv6\tools\compiler\msp430_4.3.2\lib\</path>
         <kind>archive</kind>
         <file>rts430_eabi.lib</file>
         <name>asr32.obj</name>
      </input_file>
      <input_file id="fl-52">
         <path>c:\ti\ccsv6\tools\compiler\msp430_4.3.2\lib\</path>
         <kind>archive</kind>
         <file>rts430_eabi.lib</file>
         <name>autoinit.obj</name>
      </input_file>
      <input_file id="fl-53">
         <path>c:\ti\ccsv6\tools\compiler\msp430_4.3.2\lib\</path>
         <kind>archive</kind>
         <file>rts430_eabi.lib</file>
         <name>frcmpyd.obj</name>
      </input_file>
   </input_file_list>
   <object_component_list>
      <object_component id="oc-52">
         <name>.stack</name>
         <uninitialized>true</uninitialized>
         <run_address>0x3b0</run_address>
         <size>0x2</size>
         <input_file_ref idref="fl-34"/>
      </object_component>
      <object_component id="oc-32e">
         <name>.stack</name>
         <uninitialized>true</uninitialized>
         <run_address>0x3b0</run_address>
         <size>0x0</size>
      </object_component>
      <object_component id="oc-27a">
         <name>.text:__TI_frcdivd</name>
         <load_address>0xc000</load_address>
         <run_address>0xc000</run_address>
         <size>0x462</size>
         <input_file_ref idref="fl-3f"/>
      </object_component>
      <object_component id="oc-26c">
         <name>.text:__TI_frcmpyd</name>
         <load_address>0xc462</load_address>
         <run_address>0xc462</run_address>
         <size>0x2f4</size>
         <input_file_ref idref="fl-53"/>
      </object_component>
      <object_component id="oc-1cd">
         <name>.text:StepProfile</name>
         <load_address>0xc756</load_address>
         <run_address>0xc756</run_address>
         <size>0x288</size>
         <input_file_ref idref="fl-2"/>
      </object_component>
      <object_component id="oc-1ad">
         <name>.text:__mspabi_mpyd</name>
         <load_address>0xc9de</load_address>
         <run_address>0xc9de</run_address>
         <size>0x26e</size>
         <input_file_ref idref="fl-4b"/>
      </object_component>
      <object_component id="oc-1b8">
         <name>.text:__mspabi_divd</name>
         <load_address>0xcc4c</load_address>
         <run_address>0xcc4c</run_address>
         <size>0x238</size>
         <input_file_ref idref="fl-3c"/>
      </object_component>
      <object_component id="oc-181">
         <name>.text:ReadAllRegisters</name>
         <load_address>0xce84</load_address>
         <run_address>0xce84</run_address>
         <size>0x220</size>
         <input_file_ref idref="fl-2"/>
      </object_component>
      <object_component id="oc-1c7">
         <name>.text:SpeedProfile</name>
         <load_address>0xd0a4</load_address>
         <run_address>0xd0a4</run_address>
         <size>0x1e4</size>
         <input_file_ref idref="fl-2"/>
      </object_component>
      <object_component id="oc-d1">
         <name>.text:UpdateGPIO</name>
         <load_address>0xd288</load_address>
         <run_address>0xd288</run_address>
         <size>0x1aa</size>
         <input_file_ref idref="fl-2"/>
      </object_component>
      <object_component id="oc-cb">
         <name>.text:Initialize</name>
         <load_address>0xd432</load_address>
         <run_address>0xd432</run_address>
         <size>0x1a2</size>
         <input_file_ref idref="fl-2"/>
      </object_component>
      <object_component id="oc-294">
         <name>.text</name>
         <load_address>0xd5d4</load_address>
         <run_address>0xd5d4</run_address>
         <size>0x130</size>
         <input_file_ref idref="fl-40"/>
      </object_component>
      <object_component id="oc-177">
         <name>.text:WriteAllRegisters</name>
         <load_address>0xd704</load_address>
         <run_address>0xd704</run_address>
         <size>0x12e</size>
         <input_file_ref idref="fl-2"/>
      </object_component>
      <object_component id="oc-e3">
         <name>.text:UpdateStepperMotionProfile</name>
         <load_address>0xd832</load_address>
         <run_address>0xd832</run_address>
         <size>0x128</size>
         <input_file_ref idref="fl-2"/>
      </object_component>
      <object_component id="oc-dd">
         <name>.text:UpdateFullScaleCurrent</name>
         <load_address>0xd95a</load_address>
         <run_address>0xd95a</run_address>
         <size>0xdc</size>
         <input_file_ref idref="fl-2"/>
      </object_component>
      <object_component id="oc-1b3">
         <name>.text</name>
         <load_address>0xda36</load_address>
         <run_address>0xda36</run_address>
         <size>0xc2</size>
         <input_file_ref idref="fl-42"/>
      </object_component>
      <object_component id="oc-28f">
         <name>.text</name>
         <load_address>0xdaf8</load_address>
         <run_address>0xdaf8</run_address>
         <size>0x9a</size>
         <input_file_ref idref="fl-41"/>
      </object_component>
      <object_component id="oc-d7">
         <name>.text:UpdateDRV8711Registers</name>
         <load_address>0xdb92</load_address>
         <run_address>0xdb92</run_address>
         <size>0x98</size>
         <input_file_ref idref="fl-2"/>
      </object_component>
      <object_component id="oc-1be">
         <name>.text:__mspabi_cvtdf</name>
         <load_address>0xdc2a</load_address>
         <run_address>0xdc2a</run_address>
         <size>0x8c</size>
         <input_file_ref idref="fl-38"/>
      </object_component>
      <object_component id="oc-1a7">
         <name>.text:__mspabi_cvtfd</name>
         <load_address>0xdcb6</load_address>
         <run_address>0xdcb6</run_address>
         <size>0x68</size>
         <input_file_ref idref="fl-39"/>
      </object_component>
      <object_component id="oc-b6">
         <name>.text:receivedDataCommand</name>
         <load_address>0xdd1e</load_address>
         <run_address>0xdd1e</run_address>
         <size>0x66</size>
         <input_file_ref idref="fl-4"/>
      </object_component>
      <object_component id="oc-a1">
         <name>.text:__TI_decompress_rle_core</name>
         <load_address>0xdd84</load_address>
         <run_address>0xdd84</run_address>
         <size>0x5e</size>
         <input_file_ref idref="fl-36"/>
      </object_component>
      <object_component id="oc-7a">
         <name>.text:_auto_init</name>
         <load_address>0xdde2</load_address>
         <run_address>0xdde2</run_address>
         <size>0x5e</size>
         <input_file_ref idref="fl-52"/>
      </object_component>
      <object_component id="oc-2c1">
         <name>.text:l_lsr_const</name>
         <load_address>0xde40</load_address>
         <run_address>0xde40</run_address>
         <size>0x5c</size>
         <input_file_ref idref="fl-48"/>
      </object_component>
      <object_component id="oc-2d6">
         <name>.text</name>
         <load_address>0xde9c</load_address>
         <run_address>0xde9c</run_address>
         <size>0x58</size>
         <input_file_ref idref="fl-3b"/>
      </object_component>
      <object_component id="oc-1f5">
         <name>.text:MemAccessCmd</name>
         <load_address>0xdef4</load_address>
         <run_address>0xdef4</run_address>
         <size>0x50</size>
         <input_file_ref idref="fl-4"/>
      </object_component>
      <object_component id="oc-230">
         <name>.text</name>
         <load_address>0xdf44</load_address>
         <run_address>0xdf44</run_address>
         <size>0x4c</size>
         <input_file_ref idref="fl-47"/>
      </object_component>
      <object_component id="oc-2b6">
         <name>.text:WriteMAUToCOM</name>
         <load_address>0xdf90</load_address>
         <run_address>0xdf90</run_address>
         <size>0x4a</size>
         <input_file_ref idref="fl-4"/>
      </object_component>
      <object_component id="oc-299">
         <name>.text</name>
         <load_address>0xdfda</load_address>
         <run_address>0xdfda</run_address>
         <size>0x46</size>
         <input_file_ref idref="fl-43"/>
      </object_component>
      <object_component id="oc-289">
         <name>.text</name>
         <load_address>0xe020</load_address>
         <run_address>0xe020</run_address>
         <size>0x40</size>
         <input_file_ref idref="fl-3a"/>
      </object_component>
      <object_component id="oc-260">
         <name>.text:l_asr_const</name>
         <load_address>0xe060</load_address>
         <run_address>0xe060</run_address>
         <size>0x3e</size>
         <input_file_ref idref="fl-51"/>
      </object_component>
      <object_component id="oc-282">
         <name>.text:l_lsl_const</name>
         <load_address>0xe09e</load_address>
         <run_address>0xe09e</run_address>
         <size>0x3e</size>
         <input_file_ref idref="fl-46"/>
      </object_component>
      <object_component id="oc-68">
         <name>.text:Timer1_A1</name>
         <load_address>0xe0dc</load_address>
         <run_address>0xe0dc</run_address>
         <size>0x3c</size>
         <input_file_ref idref="fl-5"/>
      </object_component>
      <object_component id="oc-2a3">
         <name>.text:GetInCmdAddress</name>
         <load_address>0xe118</load_address>
         <run_address>0xe118</run_address>
         <size>0x3a</size>
         <input_file_ref idref="fl-4"/>
      </object_component>
      <object_component id="oc-2b0">
         <name>.text:GetWriteCmdDataMAU</name>
         <load_address>0xe152</load_address>
         <run_address>0xe152</run_address>
         <size>0x38</size>
         <input_file_ref idref="fl-4"/>
      </object_component>
      <object_component id="oc-187">
         <name>.text:SPI_DRV8711_ReadWrite</name>
         <load_address>0xe18a</load_address>
         <run_address>0xe18a</run_address>
         <size>0x30</size>
         <input_file_ref idref="fl-2"/>
      </object_component>
      <object_component id="oc-1e5">
         <name>.text</name>
         <load_address>0xe1ba</load_address>
         <run_address>0xe1ba</run_address>
         <size>0x2c</size>
         <input_file_ref idref="fl-33"/>
      </object_component>
      <object_component id="oc-195">
         <name>.text</name>
         <load_address>0xe1e6</load_address>
         <run_address>0xe1e6</run_address>
         <size>0x2c</size>
         <input_file_ref idref="fl-45"/>
      </object_component>
      <object_component id="oc-5c">
         <name>.text:USCI0RX_ISR</name>
         <load_address>0xe212</load_address>
         <run_address>0xe212</run_address>
         <size>0x2a</size>
         <input_file_ref idref="fl-3"/>
      </object_component>
      <object_component id="oc-147">
         <name>.text:uartInit</name>
         <load_address>0xe23c</load_address>
         <run_address>0xe23c</run_address>
         <size>0x2a</size>
         <input_file_ref idref="fl-3"/>
      </object_component>
      <object_component id="oc-12a">
         <name>.text:ProcessCommand</name>
         <load_address>0xe266</load_address>
         <run_address>0xe266</run_address>
         <size>0x26</size>
         <input_file_ref idref="fl-4"/>
      </object_component>
      <object_component id="oc-2c6">
         <name>.text</name>
         <load_address>0xe28c</load_address>
         <run_address>0xe28c</run_address>
         <size>0x26</size>
         <input_file_ref idref="fl-4d"/>
      </object_component>
      <object_component id="oc-1a2">
         <name>.text</name>
         <load_address>0xe2b2</load_address>
         <run_address>0xe2b2</run_address>
         <size>0x24</size>
         <input_file_ref idref="fl-44"/>
      </object_component>
      <object_component id="oc-11d">
         <name>.text:GetSizeOfMAUIn8bitByte</name>
         <load_address>0xe2d6</load_address>
         <run_address>0xe2d6</run_address>
         <size>0x1e</size>
         <input_file_ref idref="fl-4"/>
      </object_component>
      <object_component id="oc-6e">
         <name>.text:Timer1_A0</name>
         <load_address>0xe2f4</load_address>
         <run_address>0xe2f4</run_address>
         <size>0x1e</size>
         <input_file_ref idref="fl-5"/>
      </object_component>
      <object_component id="oc-1d7">
         <name>.text:WriteToCmdBuffer</name>
         <load_address>0xe312</load_address>
         <run_address>0xe312</run_address>
         <size>0x1a</size>
         <input_file_ref idref="fl-4"/>
      </object_component>
      <object_component id="oc-3a">
         <name>.text:_c_int00_noexit</name>
         <load_address>0xe32c</load_address>
         <run_address>0xe32c</run_address>
         <size>0x1a</size>
         <input_file_ref idref="fl-34"/>
      </object_component>
      <object_component id="oc-80">
         <name>.text:main</name>
         <load_address>0xe346</load_address>
         <run_address>0xe346</run_address>
         <size>0x1a</size>
         <input_file_ref idref="fl-5"/>
      </object_component>
      <object_component id="oc-10b">
         <name>.text:VerifyInputCmdHeaders</name>
         <load_address>0xe360</load_address>
         <run_address>0xe360</run_address>
         <size>0x14</size>
         <input_file_ref idref="fl-4"/>
      </object_component>
      <object_component id="oc-46">
         <name>.text:decompress:ZI:__TI_zero_init</name>
         <load_address>0xe374</load_address>
         <run_address>0xe374</run_address>
         <size>0x14</size>
         <input_file_ref idref="fl-37"/>
      </object_component>
      <object_component id="oc-123">
         <name>.text</name>
         <load_address>0xe388</load_address>
         <run_address>0xe388</run_address>
         <size>0x14</size>
         <input_file_ref idref="fl-4c"/>
      </object_component>
      <object_component id="oc-40">
         <name>.text:decompress:none:__TI_decompress_none</name>
         <load_address>0xe39c</load_address>
         <run_address>0xe39c</run_address>
         <size>0x12</size>
         <input_file_ref idref="fl-35"/>
      </object_component>
      <object_component id="oc-8d">
         <name>.text:memcpy</name>
         <load_address>0xe3ae</load_address>
         <run_address>0xe3ae</run_address>
         <size>0x12</size>
         <input_file_ref idref="fl-49"/>
      </object_component>
      <object_component id="oc-fe">
         <name>.text:WriteByteToInCmdBuffer</name>
         <load_address>0xe3c0</load_address>
         <run_address>0xe3c0</run_address>
         <size>0x10</size>
         <input_file_ref idref="fl-4"/>
      </object_component>
      <object_component id="oc-c4">
         <name>.text</name>
         <load_address>0xe3d0</load_address>
         <run_address>0xe3d0</run_address>
         <size>0x10</size>
         <input_file_ref idref="fl-3d"/>
      </object_component>
      <object_component id="oc-111">
         <name>.text:GetRWFlag</name>
         <load_address>0xe3e0</load_address>
         <run_address>0xe3e0</run_address>
         <size>0xc</size>
         <input_file_ref idref="fl-4"/>
      </object_component>
      <object_component id="oc-62">
         <name>.text:WatchDog_Timer</name>
         <load_address>0xe3ec</load_address>
         <run_address>0xe3ec</run_address>
         <size>0xc</size>
         <input_file_ref idref="fl-5"/>
      </object_component>
      <object_component id="oc-2aa">
         <name>.text:uartTxByte</name>
         <load_address>0xe3f8</load_address>
         <run_address>0xe3f8</run_address>
         <size>0xc</size>
         <input_file_ref idref="fl-3"/>
      </object_component>
      <object_component id="oc-130">
         <name>.text:ClearBufferRelatedParam</name>
         <load_address>0xe404</load_address>
         <run_address>0xe404</run_address>
         <size>0xa</size>
         <input_file_ref idref="fl-4"/>
      </object_component>
      <object_component id="oc-1ef">
         <name>.text:GetInputCmdType</name>
         <load_address>0xe40e</load_address>
         <run_address>0xe40e</run_address>
         <size>0xa</size>
         <input_file_ref idref="fl-4"/>
      </object_component>
      <object_component id="oc-117">
         <name>.text:GetTransferSizeInMAU</name>
         <load_address>0xe418</load_address>
         <run_address>0xe418</run_address>
         <size>0xa</size>
         <input_file_ref idref="fl-4"/>
      </object_component>
      <object_component id="oc-4c">
         <name>.text:decompress:rle24:__TI_decompress_rle24</name>
         <load_address>0xe422</load_address>
         <run_address>0xe422</run_address>
         <size>0x6</size>
         <input_file_ref idref="fl-36"/>
      </object_component>
      <object_component id="oc-2e5">
         <name>.text:GetTargetEndianness</name>
         <load_address>0xe428</load_address>
         <run_address>0xe428</run_address>
         <size>0x4</size>
         <input_file_ref idref="fl-4"/>
      </object_component>
      <object_component id="oc-74">
         <name>.text:_system_pre_init</name>
         <load_address>0xe42c</load_address>
         <run_address>0xe42c</run_address>
         <size>0x4</size>
         <input_file_ref idref="fl-4e"/>
      </object_component>
      <object_component id="oc-86">
         <name>.text:abort</name>
         <load_address>0xe430</load_address>
         <run_address>0xe430</run_address>
         <size>0x4</size>
         <input_file_ref idref="fl-3e"/>
      </object_component>
      <object_component id="oc-56">
         <name>.text:Trap_ISR</name>
         <load_address>0xe434</load_address>
         <run_address>0xe434</run_address>
         <size>0x2</size>
         <input_file_ref idref="fl-5"/>
      </object_component>
      <object_component id="oc-32d">
         <name>.cinit..data.load</name>
         <load_address>0xe436</load_address>
         <run_address>0xe436</run_address>
         <size>0x15</size>
      </object_component>
      <object_component id="oc-32a">
         <name>__TI_handler_table</name>
         <load_address>0xe44c</load_address>
         <run_address>0xe44c</run_address>
         <size>0x6</size>
      </object_component>
      <object_component id="oc-32c">
         <name>.cinit..bss.load</name>
         <load_address>0xe452</load_address>
         <run_address>0xe452</run_address>
         <size>0x4</size>
      </object_component>
      <object_component id="oc-32b">
         <name>__TI_cinit_table</name>
         <load_address>0xe456</load_address>
         <run_address>0xe456</run_address>
         <size>0x8</size>
      </object_component>
      <object_component id="oc-2e">
         <name>.int02</name>
         <load_address>0xffe4</load_address>
         <run_address>0xffe4</run_address>
         <size>0x2</size>
         <input_file_ref idref="fl-5"/>
      </object_component>
      <object_component id="oc-2f">
         <name>.int03</name>
         <load_address>0xffe6</load_address>
         <run_address>0xffe6</run_address>
         <size>0x2</size>
         <input_file_ref idref="fl-5"/>
      </object_component>
      <object_component id="oc-30">
         <name>.int05</name>
         <load_address>0xffea</load_address>
         <run_address>0xffea</run_address>
         <size>0x2</size>
         <input_file_ref idref="fl-5"/>
      </object_component>
      <object_component id="oc-31">
         <name>.int06</name>
         <load_address>0xffec</load_address>
         <run_address>0xffec</run_address>
         <size>0x2</size>
         <input_file_ref idref="fl-5"/>
      </object_component>
      <object_component id="oc-32">
         <name>.int07</name>
         <load_address>0xffee</load_address>
         <run_address>0xffee</run_address>
         <size>0x2</size>
         <input_file_ref idref="fl-3"/>
      </object_component>
      <object_component id="oc-33">
         <name>.int08</name>
         <load_address>0xfff0</load_address>
         <run_address>0xfff0</run_address>
         <size>0x2</size>
         <input_file_ref idref="fl-5"/>
      </object_component>
      <object_component id="oc-34">
         <name>.int09</name>
         <load_address>0xfff2</load_address>
         <run_address>0xfff2</run_address>
         <size>0x2</size>
         <input_file_ref idref="fl-5"/>
      </object_component>
      <object_component id="oc-35">
         <name>.int10</name>
         <load_address>0xfff4</load_address>
         <run_address>0xfff4</run_address>
         <size>0x2</size>
         <input_file_ref idref="fl-5"/>
      </object_component>
      <object_component id="oc-36">
         <name>.int11</name>
         <load_address>0xfff6</load_address>
         <run_address>0xfff6</run_address>
         <size>0x2</size>
         <input_file_ref idref="fl-5"/>
      </object_component>
      <object_component id="oc-37">
         <name>.int12</name>
         <load_address>0xfff8</load_address>
         <run_address>0xfff8</run_address>
         <size>0x2</size>
         <input_file_ref idref="fl-5"/>
      </object_component>
      <object_component id="oc-38">
         <name>.int13</name>
         <load_address>0xfffa</load_address>
         <run_address>0xfffa</run_address>
         <size>0x2</size>
         <input_file_ref idref="fl-5"/>
      </object_component>
      <object_component id="oc-39">
         <name>.int14</name>
         <load_address>0xfffc</load_address>
         <run_address>0xfffc</run_address>
         <size>0x2</size>
         <input_file_ref idref="fl-5"/>
      </object_component>
      <object_component id="oc-55">
         <name>.reset</name>
         <load_address>0xfffe</load_address>
         <run_address>0xfffe</run_address>
         <size>0x2</size>
         <input_file_ref idref="fl-34"/>
      </object_component>
      <object_component id="oc-23b">
         <name>.common:G_CTRL_REG</name>
         <uninitialized>true</uninitialized>
         <run_address>0x256</run_address>
         <size>0x10</size>
      </object_component>
      <object_component id="oc-23e">
         <name>.common:G_TORQUE_REG</name>
         <uninitialized>true</uninitialized>
         <run_address>0x28e</run_address>
         <size>0x6</size>
      </object_component>
      <object_component id="oc-241">
         <name>.common:G_OFF_REG</name>
         <uninitialized>true</uninitialized>
         <run_address>0x288</run_address>
         <size>0x6</size>
      </object_component>
      <object_component id="oc-244">
         <name>.common:G_BLANK_REG</name>
         <uninitialized>true</uninitialized>
         <run_address>0x27c</run_address>
         <size>0x6</size>
      </object_component>
      <object_component id="oc-247">
         <name>.common:G_DECAY_REG</name>
         <uninitialized>true</uninitialized>
         <run_address>0x282</run_address>
         <size>0x6</size>
      </object_component>
      <object_component id="oc-24b">
         <name>.common:G_STALL_REG</name>
         <uninitialized>true</uninitialized>
         <run_address>0x274</run_address>
         <size>0x8</size>
      </object_component>
      <object_component id="oc-252">
         <name>.common:G_DRIVE_REG</name>
         <uninitialized>true</uninitialized>
         <run_address>0x266</run_address>
         <size>0xe</size>
      </object_component>
      <object_component id="oc-25b">
         <name>.common:G_STATUS_REG</name>
         <uninitialized>true</uninitialized>
         <run_address>0x244</run_address>
         <size>0x12</size>
      </object_component>
      <object_component id="oc-2e3">
         <name>.common:gInCmdBuffer</name>
         <uninitialized>true</uninitialized>
         <run_address>0x200</run_address>
         <size>0x44</size>
      </object_component>
      <object_component id="oc-1fc">
         <name>.common:gInCmdSkipCount</name>
         <uninitialized>true</uninitialized>
         <run_address>0x294</run_address>
         <size>0x2</size>
      </object_component>
      <object_component id="oc-bd">
         <name>.data</name>
         <load_address>0x296</load_address>
         <run_address>0x296</run_address>
         <size>0x56</size>
         <input_file_ref idref="fl-2"/>
      </object_component>
      <object_component id="oc-107">
         <name>.data</name>
         <load_address>0x2ec</load_address>
         <run_address>0x2ec</run_address>
         <size>0x2</size>
         <input_file_ref idref="fl-4"/>
      </object_component>
      <object_component id="oc-3b">
         <name>.debug_info</name>
         <load_address>0x0</load_address>
         <run_address>0x0</run_address>
         <size>0x125</size>
         <input_file_ref idref="fl-34"/>
      </object_component>
      <object_component id="oc-41">
         <name>.debug_info</name>
         <load_address>0x125</load_address>
         <run_address>0x125</run_address>
         <size>0x194</size>
         <input_file_ref idref="fl-35"/>
      </object_component>
      <object_component id="oc-47">
         <name>.debug_info</name>
         <load_address>0x2b9</load_address>
         <run_address>0x2b9</run_address>
         <size>0x16a</size>
         <input_file_ref idref="fl-37"/>
      </object_component>
      <object_component id="oc-4d">
         <name>.debug_info</name>
         <load_address>0x423</load_address>
         <run_address>0x423</run_address>
         <size>0x18e</size>
         <input_file_ref idref="fl-36"/>
      </object_component>
      <object_component id="oc-53">
         <name>.debug_info</name>
         <load_address>0x5b1</load_address>
         <run_address>0x5b1</run_address>
         <size>0xaa</size>
         <input_file_ref idref="fl-34"/>
      </object_component>
      <object_component id="oc-57">
         <name>.debug_info</name>
         <load_address>0x65b</load_address>
         <run_address>0x65b</run_address>
         <size>0x11a</size>
         <input_file_ref idref="fl-5"/>
      </object_component>
      <object_component id="oc-5d">
         <name>.debug_info</name>
         <load_address>0x775</load_address>
         <run_address>0x775</run_address>
         <size>0x13a</size>
         <input_file_ref idref="fl-3"/>
      </object_component>
      <object_component id="oc-63">
         <name>.debug_info</name>
         <load_address>0x8af</load_address>
         <run_address>0x8af</run_address>
         <size>0x126</size>
         <input_file_ref idref="fl-5"/>
      </object_component>
      <object_component id="oc-69">
         <name>.debug_info</name>
         <load_address>0x9d5</load_address>
         <run_address>0x9d5</run_address>
         <size>0x11c</size>
         <input_file_ref idref="fl-5"/>
      </object_component>
      <object_component id="oc-6f">
         <name>.debug_info</name>
         <load_address>0xaf1</load_address>
         <run_address>0xaf1</run_address>
         <size>0x11c</size>
         <input_file_ref idref="fl-5"/>
      </object_component>
      <object_component id="oc-75">
         <name>.debug_info</name>
         <load_address>0xc0d</load_address>
         <run_address>0xc0d</run_address>
         <size>0xfd</size>
         <input_file_ref idref="fl-4e"/>
      </object_component>
      <object_component id="oc-7b">
         <name>.debug_info</name>
         <load_address>0xd0a</load_address>
         <run_address>0xd0a</run_address>
         <size>0x153</size>
         <input_file_ref idref="fl-52"/>
      </object_component>
      <object_component id="oc-81">
         <name>.debug_info</name>
         <load_address>0xe5d</load_address>
         <run_address>0xe5d</run_address>
         <size>0x18c</size>
         <input_file_ref idref="fl-5"/>
      </object_component>
      <object_component id="oc-88">
         <name>.debug_info</name>
         <load_address>0xfe9</load_address>
         <run_address>0xfe9</run_address>
         <size>0xcc</size>
         <input_file_ref idref="fl-3e"/>
      </object_component>
      <object_component id="oc-8e">
         <name>.debug_info</name>
         <load_address>0x10b5</load_address>
         <run_address>0x10b5</run_address>
         <size>0x157</size>
         <input_file_ref idref="fl-49"/>
      </object_component>
      <object_component id="oc-94">
         <name>.debug_info</name>
         <load_address>0x120c</load_address>
         <run_address>0x120c</run_address>
         <size>0x46</size>
         <input_file_ref idref="fl-35"/>
      </object_component>
      <object_component id="oc-99">
         <name>.debug_info</name>
         <load_address>0x1252</load_address>
         <run_address>0x1252</run_address>
         <size>0x167</size>
         <input_file_ref idref="fl-35"/>
      </object_component>
      <object_component id="oc-9b">
         <name>.debug_info</name>
         <load_address>0x13b9</load_address>
         <run_address>0x13b9</run_address>
         <size>0x46</size>
         <input_file_ref idref="fl-37"/>
      </object_component>
      <object_component id="oc-a0">
         <name>.debug_info</name>
         <load_address>0x13ff</load_address>
         <run_address>0x13ff</run_address>
         <size>0x11f</size>
         <input_file_ref idref="fl-37"/>
      </object_component>
      <object_component id="oc-a2">
         <name>.debug_info</name>
         <load_address>0x151e</load_address>
         <run_address>0x151e</run_address>
         <size>0x1ef</size>
         <input_file_ref idref="fl-36"/>
      </object_component>
      <object_component id="oc-a8">
         <name>.debug_info</name>
         <load_address>0x170d</load_address>
         <run_address>0x170d</run_address>
         <size>0x129</size>
         <input_file_ref idref="fl-36"/>
      </object_component>
      <object_component id="oc-a9">
         <name>.debug_info</name>
         <load_address>0x1836</load_address>
         <run_address>0x1836</run_address>
         <size>0x39</size>
         <input_file_ref idref="fl-36"/>
      </object_component>
      <object_component id="oc-b0">
         <name>.debug_info</name>
         <load_address>0x186f</load_address>
         <run_address>0x186f</run_address>
         <size>0x84</size>
         <input_file_ref idref="fl-2"/>
      </object_component>
      <object_component id="oc-b7">
         <name>.debug_info</name>
         <load_address>0x18f3</load_address>
         <run_address>0x18f3</run_address>
         <size>0x22c</size>
         <input_file_ref idref="fl-4"/>
      </object_component>
      <object_component id="oc-be">
         <name>.debug_info</name>
         <load_address>0x1b1f</load_address>
         <run_address>0x1b1f</run_address>
         <size>0x7cc</size>
         <input_file_ref idref="fl-2"/>
      </object_component>
      <object_component id="oc-c5">
         <name>.debug_info</name>
         <load_address>0x22eb</load_address>
         <run_address>0x22eb</run_address>
         <size>0xe1</size>
         <input_file_ref idref="fl-3d"/>
      </object_component>
      <object_component id="oc-ca">
         <name>.debug_info</name>
         <load_address>0x23cc</load_address>
         <run_address>0x23cc</run_address>
         <size>0x2ba</size>
         <input_file_ref idref="fl-52"/>
      </object_component>
      <object_component id="oc-cc">
         <name>.debug_info</name>
         <load_address>0x2686</load_address>
         <run_address>0x2686</run_address>
         <size>0x17d</size>
         <input_file_ref idref="fl-2"/>
      </object_component>
      <object_component id="oc-d2">
         <name>.debug_info</name>
         <load_address>0x2803</load_address>
         <run_address>0x2803</run_address>
         <size>0x164</size>
         <input_file_ref idref="fl-2"/>
      </object_component>
      <object_component id="oc-d8">
         <name>.debug_info</name>
         <load_address>0x2967</load_address>
         <run_address>0x2967</run_address>
         <size>0x22b</size>
         <input_file_ref idref="fl-2"/>
      </object_component>
      <object_component id="oc-de">
         <name>.debug_info</name>
         <load_address>0x2b92</load_address>
         <run_address>0x2b92</run_address>
         <size>0x219</size>
         <input_file_ref idref="fl-2"/>
      </object_component>
      <object_component id="oc-e4">
         <name>.debug_info</name>
         <load_address>0x2dab</load_address>
         <run_address>0x2dab</run_address>
         <size>0x16e</size>
         <input_file_ref idref="fl-2"/>
      </object_component>
      <object_component id="oc-ec">
         <name>.debug_info</name>
         <load_address>0x2f19</load_address>
         <run_address>0x2f19</run_address>
         <size>0x127</size>
         <input_file_ref idref="fl-49"/>
      </object_component>
      <object_component id="oc-ed">
         <name>.debug_info</name>
         <load_address>0x3040</load_address>
         <run_address>0x3040</run_address>
         <size>0x2c</size>
         <input_file_ref idref="fl-37"/>
      </object_component>
      <object_component id="oc-f2">
         <name>.debug_info</name>
         <load_address>0x306c</load_address>
         <run_address>0x306c</run_address>
         <size>0x2c</size>
         <input_file_ref idref="fl-35"/>
      </object_component>
      <object_component id="oc-ff">
         <name>.debug_info</name>
         <load_address>0x3098</load_address>
         <run_address>0x3098</run_address>
         <size>0x16f</size>
         <input_file_ref idref="fl-4"/>
      </object_component>
      <object_component id="oc-105">
         <name>.debug_info</name>
         <load_address>0x3207</load_address>
         <run_address>0x3207</run_address>
         <size>0x1f4</size>
         <input_file_ref idref="fl-4"/>
      </object_component>
      <object_component id="oc-108">
         <name>.debug_info</name>
         <load_address>0x33fb</load_address>
         <run_address>0x33fb</run_address>
         <size>0x100</size>
         <input_file_ref idref="fl-4"/>
      </object_component>
      <object_component id="oc-10c">
         <name>.debug_info</name>
         <load_address>0x34fb</load_address>
         <run_address>0x34fb</run_address>
         <size>0x140</size>
         <input_file_ref idref="fl-4"/>
      </object_component>
      <object_component id="oc-112">
         <name>.debug_info</name>
         <load_address>0x363b</load_address>
         <run_address>0x363b</run_address>
         <size>0x14d</size>
         <input_file_ref idref="fl-4"/>
      </object_component>
      <object_component id="oc-118">
         <name>.debug_info</name>
         <load_address>0x3788</load_address>
         <run_address>0x3788</run_address>
         <size>0x13e</size>
         <input_file_ref idref="fl-4"/>
      </object_component>
      <object_component id="oc-11e">
         <name>.debug_info</name>
         <load_address>0x38c6</load_address>
         <run_address>0x38c6</run_address>
         <size>0x161</size>
         <input_file_ref idref="fl-4"/>
      </object_component>
      <object_component id="oc-126">
         <name>.debug_info</name>
         <load_address>0x3a27</load_address>
         <run_address>0x3a27</run_address>
         <size>0xd4</size>
         <input_file_ref idref="fl-4c"/>
      </object_component>
      <object_component id="oc-12b">
         <name>.debug_info</name>
         <load_address>0x3afb</load_address>
         <run_address>0x3afb</run_address>
         <size>0x187</size>
         <input_file_ref idref="fl-4"/>
      </object_component>
      <object_component id="oc-131">
         <name>.debug_info</name>
         <load_address>0x3c82</load_address>
         <run_address>0x3c82</run_address>
         <size>0x140</size>
         <input_file_ref idref="fl-4"/>
      </object_component>
      <object_component id="oc-13a">
         <name>.debug_info</name>
         <load_address>0x3dc2</load_address>
         <run_address>0x3dc2</run_address>
         <size>0xeb</size>
         <input_file_ref idref="fl-2"/>
      </object_component>
      <object_component id="oc-142">
         <name>.debug_info</name>
         <load_address>0x3ead</load_address>
         <run_address>0x3ead</run_address>
         <size>0x39</size>
         <input_file_ref idref="fl-52"/>
      </object_component>
      <object_component id="oc-148">
         <name>.debug_info</name>
         <load_address>0x3ee6</load_address>
         <run_address>0x3ee6</run_address>
         <size>0x119</size>
         <input_file_ref idref="fl-3"/>
      </object_component>
      <object_component id="oc-14e">
         <name>.debug_info</name>
         <load_address>0x3fff</load_address>
         <run_address>0x3fff</run_address>
         <size>0x64f</size>
         <input_file_ref idref="fl-2"/>
      </object_component>
      <object_component id="oc-178">
         <name>.debug_info</name>
         <load_address>0x464e</load_address>
         <run_address>0x464e</run_address>
         <size>0x2c5</size>
         <input_file_ref idref="fl-2"/>
      </object_component>
      <object_component id="oc-182">
         <name>.debug_info</name>
         <load_address>0x4913</load_address>
         <run_address>0x4913</run_address>
         <size>0x413</size>
         <input_file_ref idref="fl-2"/>
      </object_component>
      <object_component id="oc-188">
         <name>.debug_info</name>
         <load_address>0x4d26</load_address>
         <run_address>0x4d26</run_address>
         <size>0x1b0</size>
         <input_file_ref idref="fl-2"/>
      </object_component>
      <object_component id="oc-196">
         <name>.debug_info</name>
         <load_address>0x4ed6</load_address>
         <run_address>0x4ed6</run_address>
         <size>0xd3</size>
         <input_file_ref idref="fl-45"/>
      </object_component>
      <object_component id="oc-1a3">
         <name>.debug_info</name>
         <load_address>0x4fa9</load_address>
         <run_address>0x4fa9</run_address>
         <size>0xd7</size>
         <input_file_ref idref="fl-44"/>
      </object_component>
      <object_component id="oc-1a8">
         <name>.debug_info</name>
         <load_address>0x5080</load_address>
         <run_address>0x5080</run_address>
         <size>0x179</size>
         <input_file_ref idref="fl-39"/>
      </object_component>
      <object_component id="oc-1ae">
         <name>.debug_info</name>
         <load_address>0x51f9</load_address>
         <run_address>0x51f9</run_address>
         <size>0x280</size>
         <input_file_ref idref="fl-4b"/>
      </object_component>
      <object_component id="oc-1b4">
         <name>.debug_info</name>
         <load_address>0x5479</load_address>
         <run_address>0x5479</run_address>
         <size>0xd4</size>
         <input_file_ref idref="fl-42"/>
      </object_component>
      <object_component id="oc-1b9">
         <name>.debug_info</name>
         <load_address>0x554d</load_address>
         <run_address>0x554d</run_address>
         <size>0x234</size>
         <input_file_ref idref="fl-3c"/>
      </object_component>
      <object_component id="oc-1bf">
         <name>.debug_info</name>
         <load_address>0x5781</load_address>
         <run_address>0x5781</run_address>
         <size>0x1ae</size>
         <input_file_ref idref="fl-38"/>
      </object_component>
      <object_component id="oc-1c8">
         <name>.debug_info</name>
         <load_address>0x592f</load_address>
         <run_address>0x592f</run_address>
         <size>0x215</size>
         <input_file_ref idref="fl-2"/>
      </object_component>
      <object_component id="oc-1ce">
         <name>.debug_info</name>
         <load_address>0x5b44</load_address>
         <run_address>0x5b44</run_address>
         <size>0x2f1</size>
         <input_file_ref idref="fl-2"/>
      </object_component>
      <object_component id="oc-1d8">
         <name>.debug_info</name>
         <load_address>0x5e35</load_address>
         <run_address>0x5e35</run_address>
         <size>0x185</size>
         <input_file_ref idref="fl-4"/>
      </object_component>
      <object_component id="oc-1e7">
         <name>.debug_info</name>
         <load_address>0x5fba</load_address>
         <run_address>0x5fba</run_address>
         <size>0xd3</size>
         <input_file_ref idref="fl-33"/>
      </object_component>
      <object_component id="oc-1f0">
         <name>.debug_info</name>
         <load_address>0x608d</load_address>
         <run_address>0x608d</run_address>
         <size>0x134</size>
         <input_file_ref idref="fl-4"/>
      </object_component>
      <object_component id="oc-1f6">
         <name>.debug_info</name>
         <load_address>0x61c1</load_address>
         <run_address>0x61c1</run_address>
         <size>0x218</size>
         <input_file_ref idref="fl-4"/>
      </object_component>
      <object_component id="oc-201">
         <name>.debug_info</name>
         <load_address>0x63d9</load_address>
         <run_address>0x63d9</run_address>
         <size>0x3af</size>
         <input_file_ref idref="fl-2"/>
      </object_component>
      <object_component id="oc-231">
         <name>.debug_info</name>
         <load_address>0x6788</load_address>
         <run_address>0x6788</run_address>
         <size>0xd3</size>
         <input_file_ref idref="fl-47"/>
      </object_component>
      <object_component id="oc-261">
         <name>.debug_info</name>
         <load_address>0x685b</load_address>
         <run_address>0x685b</run_address>
         <size>0xd9</size>
         <input_file_ref idref="fl-51"/>
      </object_component>
      <object_component id="oc-266">
         <name>.debug_info</name>
         <load_address>0x6934</load_address>
         <run_address>0x6934</run_address>
         <size>0x1a8</size>
         <input_file_ref idref="fl-39"/>
      </object_component>
      <object_component id="oc-267">
         <name>.debug_info</name>
         <load_address>0x6adc</load_address>
         <run_address>0x6adc</run_address>
         <size>0xdb</size>
         <input_file_ref idref="fl-38"/>
      </object_component>
      <object_component id="oc-26d">
         <name>.debug_info</name>
         <load_address>0x6bb7</load_address>
         <run_address>0x6bb7</run_address>
         <size>0x381</size>
         <input_file_ref idref="fl-53"/>
      </object_component>
      <object_component id="oc-273">
         <name>.debug_info</name>
         <load_address>0x6f38</load_address>
         <run_address>0x6f38</run_address>
         <size>0x1c2</size>
         <input_file_ref idref="fl-4b"/>
      </object_component>
      <object_component id="oc-274">
         <name>.debug_info</name>
         <load_address>0x70fa</load_address>
         <run_address>0x70fa</run_address>
         <size>0x94</size>
         <input_file_ref idref="fl-3c"/>
      </object_component>
      <object_component id="oc-27b">
         <name>.debug_info</name>
         <load_address>0x718e</load_address>
         <run_address>0x718e</run_address>
         <size>0x59e</size>
         <input_file_ref idref="fl-3f"/>
      </object_component>
      <object_component id="oc-281">
         <name>.debug_info</name>
         <load_address>0x772c</load_address>
         <run_address>0x772c</run_address>
         <size>0x1c2</size>
         <input_file_ref idref="fl-3c"/>
      </object_component>
      <object_component id="oc-283">
         <name>.debug_info</name>
         <load_address>0x78ee</load_address>
         <run_address>0x78ee</run_address>
         <size>0xd9</size>
         <input_file_ref idref="fl-46"/>
      </object_component>
      <object_component id="oc-288">
         <name>.debug_info</name>
         <load_address>0x79c7</load_address>
         <run_address>0x79c7</run_address>
         <size>0x185</size>
         <input_file_ref idref="fl-38"/>
      </object_component>
      <object_component id="oc-28c">
         <name>.debug_info</name>
         <load_address>0x7b4c</load_address>
         <run_address>0x7b4c</run_address>
         <size>0xeb</size>
         <input_file_ref idref="fl-3a"/>
      </object_component>
      <object_component id="oc-291">
         <name>.debug_info</name>
         <load_address>0x7c37</load_address>
         <run_address>0x7c37</run_address>
         <size>0xd4</size>
         <input_file_ref idref="fl-41"/>
      </object_component>
      <object_component id="oc-296">
         <name>.debug_info</name>
         <load_address>0x7d0b</load_address>
         <run_address>0x7d0b</run_address>
         <size>0xd4</size>
         <input_file_ref idref="fl-40"/>
      </object_component>
      <object_component id="oc-29a">
         <name>.debug_info</name>
         <load_address>0x7ddf</load_address>
         <run_address>0x7ddf</run_address>
         <size>0xe2</size>
         <input_file_ref idref="fl-43"/>
      </object_component>
      <object_component id="oc-2a4">
         <name>.debug_info</name>
         <load_address>0x7ec1</load_address>
         <run_address>0x7ec1</run_address>
         <size>0x1a5</size>
         <input_file_ref idref="fl-4"/>
      </object_component>
      <object_component id="oc-2ab">
         <name>.debug_info</name>
         <load_address>0x8066</load_address>
         <run_address>0x8066</run_address>
         <size>0x13f</size>
         <input_file_ref idref="fl-3"/>
      </object_component>
      <object_component id="oc-2b1">
         <name>.debug_info</name>
         <load_address>0x81a5</load_address>
         <run_address>0x81a5</run_address>
         <size>0x1c8</size>
         <input_file_ref idref="fl-4"/>
      </object_component>
      <object_component id="oc-2b7">
         <name>.debug_info</name>
         <load_address>0x836d</load_address>
         <run_address>0x836d</run_address>
         <size>0x206</size>
         <input_file_ref idref="fl-4"/>
      </object_component>
      <object_component id="oc-2c2">
         <name>.debug_info</name>
         <load_address>0x8573</load_address>
         <run_address>0x8573</run_address>
         <size>0xd9</size>
         <input_file_ref idref="fl-48"/>
      </object_component>
      <object_component id="oc-2c8">
         <name>.debug_info</name>
         <load_address>0x864c</load_address>
         <run_address>0x864c</run_address>
         <size>0xd4</size>
         <input_file_ref idref="fl-4d"/>
      </object_component>
      <object_component id="oc-2cc">
         <name>.debug_info</name>
         <load_address>0x8720</load_address>
         <run_address>0x8720</run_address>
         <size>0x1a9</size>
         <input_file_ref idref="fl-53"/>
      </object_component>
      <object_component id="oc-2d0">
         <name>.debug_info</name>
         <load_address>0x88c9</load_address>
         <run_address>0x88c9</run_address>
         <size>0x18d</size>
         <input_file_ref idref="fl-3f"/>
      </object_component>
      <object_component id="oc-2d7">
         <name>.debug_info</name>
         <load_address>0x8a56</load_address>
         <run_address>0x8a56</run_address>
         <size>0xd6</size>
         <input_file_ref idref="fl-3b"/>
      </object_component>
      <object_component id="oc-2e6">
         <name>.debug_info</name>
         <load_address>0x8b2c</load_address>
         <run_address>0x8b2c</run_address>
         <size>0x13c</size>
         <input_file_ref idref="fl-4"/>
      </object_component>
      <object_component id="oc-32f">
         <name>.debug_info</name>
         <load_address>0x8c68</load_address>
         <run_address>0x8c68</run_address>
         <size>0xc5</size>
      </object_component>
      <object_component id="oc-3c">
         <name>.debug_aranges</name>
         <load_address>0x0</load_address>
         <run_address>0x0</run_address>
         <size>0x20</size>
         <input_file_ref idref="fl-34"/>
      </object_component>
      <object_component id="oc-42">
         <name>.debug_aranges</name>
         <load_address>0x20</load_address>
         <run_address>0x20</run_address>
         <size>0x20</size>
         <input_file_ref idref="fl-35"/>
      </object_component>
      <object_component id="oc-48">
         <name>.debug_aranges</name>
         <load_address>0x40</load_address>
         <run_address>0x40</run_address>
         <size>0x20</size>
         <input_file_ref idref="fl-37"/>
      </object_component>
      <object_component id="oc-4e">
         <name>.debug_aranges</name>
         <load_address>0x60</load_address>
         <run_address>0x60</run_address>
         <size>0x20</size>
         <input_file_ref idref="fl-36"/>
      </object_component>
      <object_component id="oc-58">
         <name>.debug_aranges</name>
         <load_address>0x80</load_address>
         <run_address>0x80</run_address>
         <size>0x20</size>
         <input_file_ref idref="fl-5"/>
      </object_component>
      <object_component id="oc-5e">
         <name>.debug_aranges</name>
         <load_address>0xa0</load_address>
         <run_address>0xa0</run_address>
         <size>0x20</size>
         <input_file_ref idref="fl-3"/>
      </object_component>
      <object_component id="oc-64">
         <name>.debug_aranges</name>
         <load_address>0xc0</load_address>
         <run_address>0xc0</run_address>
         <size>0x20</size>
         <input_file_ref idref="fl-5"/>
      </object_component>
      <object_component id="oc-6a">
         <name>.debug_aranges</name>
         <load_address>0xe0</load_address>
         <run_address>0xe0</run_address>
         <size>0x20</size>
         <input_file_ref idref="fl-5"/>
      </object_component>
      <object_component id="oc-70">
         <name>.debug_aranges</name>
         <load_address>0x100</load_address>
         <run_address>0x100</run_address>
         <size>0x20</size>
         <input_file_ref idref="fl-5"/>
      </object_component>
      <object_component id="oc-76">
         <name>.debug_aranges</name>
         <load_address>0x120</load_address>
         <run_address>0x120</run_address>
         <size>0x20</size>
         <input_file_ref idref="fl-4e"/>
      </object_component>
      <object_component id="oc-7c">
         <name>.debug_aranges</name>
         <load_address>0x140</load_address>
         <run_address>0x140</run_address>
         <size>0x20</size>
         <input_file_ref idref="fl-52"/>
      </object_component>
      <object_component id="oc-82">
         <name>.debug_aranges</name>
         <load_address>0x160</load_address>
         <run_address>0x160</run_address>
         <size>0x20</size>
         <input_file_ref idref="fl-5"/>
      </object_component>
      <object_component id="oc-89">
         <name>.debug_aranges</name>
         <load_address>0x180</load_address>
         <run_address>0x180</run_address>
         <size>0x20</size>
         <input_file_ref idref="fl-3e"/>
      </object_component>
      <object_component id="oc-8f">
         <name>.debug_aranges</name>
         <load_address>0x1a0</load_address>
         <run_address>0x1a0</run_address>
         <size>0x20</size>
         <input_file_ref idref="fl-49"/>
      </object_component>
      <object_component id="oc-a3">
         <name>.debug_aranges</name>
         <load_address>0x1c0</load_address>
         <run_address>0x1c0</run_address>
         <size>0x20</size>
         <input_file_ref idref="fl-36"/>
      </object_component>
      <object_component id="oc-b8">
         <name>.debug_aranges</name>
         <load_address>0x1e0</load_address>
         <run_address>0x1e0</run_address>
         <size>0x20</size>
         <input_file_ref idref="fl-4"/>
      </object_component>
      <object_component id="oc-c7">
         <name>.debug_aranges</name>
         <load_address>0x200</load_address>
         <run_address>0x200</run_address>
         <size>0x20</size>
         <input_file_ref idref="fl-3d"/>
      </object_component>
      <object_component id="oc-cd">
         <name>.debug_aranges</name>
         <load_address>0x220</load_address>
         <run_address>0x220</run_address>
         <size>0x20</size>
         <input_file_ref idref="fl-2"/>
      </object_component>
      <object_component id="oc-d3">
         <name>.debug_aranges</name>
         <load_address>0x240</load_address>
         <run_address>0x240</run_address>
         <size>0x20</size>
         <input_file_ref idref="fl-2"/>
      </object_component>
      <object_component id="oc-d9">
         <name>.debug_aranges</name>
         <load_address>0x260</load_address>
         <run_address>0x260</run_address>
         <size>0x20</size>
         <input_file_ref idref="fl-2"/>
      </object_component>
      <object_component id="oc-df">
         <name>.debug_aranges</name>
         <load_address>0x280</load_address>
         <run_address>0x280</run_address>
         <size>0x20</size>
         <input_file_ref idref="fl-2"/>
      </object_component>
      <object_component id="oc-e5">
         <name>.debug_aranges</name>
         <load_address>0x2a0</load_address>
         <run_address>0x2a0</run_address>
         <size>0x20</size>
         <input_file_ref idref="fl-2"/>
      </object_component>
      <object_component id="oc-100">
         <name>.debug_aranges</name>
         <load_address>0x2c0</load_address>
         <run_address>0x2c0</run_address>
         <size>0x20</size>
         <input_file_ref idref="fl-4"/>
      </object_component>
      <object_component id="oc-10d">
         <name>.debug_aranges</name>
         <load_address>0x2e0</load_address>
         <run_address>0x2e0</run_address>
         <size>0x20</size>
         <input_file_ref idref="fl-4"/>
      </object_component>
      <object_component id="oc-113">
         <name>.debug_aranges</name>
         <load_address>0x300</load_address>
         <run_address>0x300</run_address>
         <size>0x20</size>
         <input_file_ref idref="fl-4"/>
      </object_component>
      <object_component id="oc-119">
         <name>.debug_aranges</name>
         <load_address>0x320</load_address>
         <run_address>0x320</run_address>
         <size>0x20</size>
         <input_file_ref idref="fl-4"/>
      </object_component>
      <object_component id="oc-11f">
         <name>.debug_aranges</name>
         <load_address>0x340</load_address>
         <run_address>0x340</run_address>
         <size>0x20</size>
         <input_file_ref idref="fl-4"/>
      </object_component>
      <object_component id="oc-125">
         <name>.debug_aranges</name>
         <load_address>0x360</load_address>
         <run_address>0x360</run_address>
         <size>0x20</size>
         <input_file_ref idref="fl-4c"/>
      </object_component>
      <object_component id="oc-12c">
         <name>.debug_aranges</name>
         <load_address>0x380</load_address>
         <run_address>0x380</run_address>
         <size>0x20</size>
         <input_file_ref idref="fl-4"/>
      </object_component>
      <object_component id="oc-132">
         <name>.debug_aranges</name>
         <load_address>0x3a0</load_address>
         <run_address>0x3a0</run_address>
         <size>0x20</size>
         <input_file_ref idref="fl-4"/>
      </object_component>
      <object_component id="oc-149">
         <name>.debug_aranges</name>
         <load_address>0x3c0</load_address>
         <run_address>0x3c0</run_address>
         <size>0x20</size>
         <input_file_ref idref="fl-3"/>
      </object_component>
      <object_component id="oc-179">
         <name>.debug_aranges</name>
         <load_address>0x3e0</load_address>
         <run_address>0x3e0</run_address>
         <size>0x20</size>
         <input_file_ref idref="fl-2"/>
      </object_component>
      <object_component id="oc-183">
         <name>.debug_aranges</name>
         <load_address>0x400</load_address>
         <run_address>0x400</run_address>
         <size>0x20</size>
         <input_file_ref idref="fl-2"/>
      </object_component>
      <object_component id="oc-189">
         <name>.debug_aranges</name>
         <load_address>0x420</load_address>
         <run_address>0x420</run_address>
         <size>0x20</size>
         <input_file_ref idref="fl-2"/>
      </object_component>
      <object_component id="oc-197">
         <name>.debug_aranges</name>
         <load_address>0x440</load_address>
         <run_address>0x440</run_address>
         <size>0x20</size>
         <input_file_ref idref="fl-45"/>
      </object_component>
      <object_component id="oc-1a4">
         <name>.debug_aranges</name>
         <load_address>0x460</load_address>
         <run_address>0x460</run_address>
         <size>0x20</size>
         <input_file_ref idref="fl-44"/>
      </object_component>
      <object_component id="oc-1a9">
         <name>.debug_aranges</name>
         <load_address>0x480</load_address>
         <run_address>0x480</run_address>
         <size>0x20</size>
         <input_file_ref idref="fl-39"/>
      </object_component>
      <object_component id="oc-1af">
         <name>.debug_aranges</name>
         <load_address>0x4a0</load_address>
         <run_address>0x4a0</run_address>
         <size>0x28</size>
         <input_file_ref idref="fl-4b"/>
      </object_component>
      <object_component id="oc-1b5">
         <name>.debug_aranges</name>
         <load_address>0x4c8</load_address>
         <run_address>0x4c8</run_address>
         <size>0x20</size>
         <input_file_ref idref="fl-42"/>
      </object_component>
      <object_component id="oc-1ba">
         <name>.debug_aranges</name>
         <load_address>0x4e8</load_address>
         <run_address>0x4e8</run_address>
         <size>0x20</size>
         <input_file_ref idref="fl-3c"/>
      </object_component>
      <object_component id="oc-1c0">
         <name>.debug_aranges</name>
         <load_address>0x508</load_address>
         <run_address>0x508</run_address>
         <size>0x20</size>
         <input_file_ref idref="fl-38"/>
      </object_component>
      <object_component id="oc-1c9">
         <name>.debug_aranges</name>
         <load_address>0x528</load_address>
         <run_address>0x528</run_address>
         <size>0x20</size>
         <input_file_ref idref="fl-2"/>
      </object_component>
      <object_component id="oc-1cf">
         <name>.debug_aranges</name>
         <load_address>0x548</load_address>
         <run_address>0x548</run_address>
         <size>0x20</size>
         <input_file_ref idref="fl-2"/>
      </object_component>
      <object_component id="oc-1d9">
         <name>.debug_aranges</name>
         <load_address>0x568</load_address>
         <run_address>0x568</run_address>
         <size>0x20</size>
         <input_file_ref idref="fl-4"/>
      </object_component>
      <object_component id="oc-1e8">
         <name>.debug_aranges</name>
         <load_address>0x588</load_address>
         <run_address>0x588</run_address>
         <size>0x20</size>
         <input_file_ref idref="fl-33"/>
      </object_component>
      <object_component id="oc-1f1">
         <name>.debug_aranges</name>
         <load_address>0x5a8</load_address>
         <run_address>0x5a8</run_address>
         <size>0x20</size>
         <input_file_ref idref="fl-4"/>
      </object_component>
      <object_component id="oc-1f7">
         <name>.debug_aranges</name>
         <load_address>0x5c8</load_address>
         <run_address>0x5c8</run_address>
         <size>0x20</size>
         <input_file_ref idref="fl-4"/>
      </object_component>
      <object_component id="oc-232">
         <name>.debug_aranges</name>
         <load_address>0x5e8</load_address>
         <run_address>0x5e8</run_address>
         <size>0x20</size>
         <input_file_ref idref="fl-47"/>
      </object_component>
      <object_component id="oc-262">
         <name>.debug_aranges</name>
         <load_address>0x608</load_address>
         <run_address>0x608</run_address>
         <size>0x20</size>
         <input_file_ref idref="fl-51"/>
      </object_component>
      <object_component id="oc-26e">
         <name>.debug_aranges</name>
         <load_address>0x628</load_address>
         <run_address>0x628</run_address>
         <size>0x30</size>
         <input_file_ref idref="fl-53"/>
      </object_component>
      <object_component id="oc-27c">
         <name>.debug_aranges</name>
         <load_address>0x658</load_address>
         <run_address>0x658</run_address>
         <size>0x28</size>
         <input_file_ref idref="fl-3f"/>
      </object_component>
      <object_component id="oc-284">
         <name>.debug_aranges</name>
         <load_address>0x680</load_address>
         <run_address>0x680</run_address>
         <size>0x20</size>
         <input_file_ref idref="fl-46"/>
      </object_component>
      <object_component id="oc-28a">
         <name>.debug_aranges</name>
         <load_address>0x6a0</load_address>
         <run_address>0x6a0</run_address>
         <size>0x20</size>
         <input_file_ref idref="fl-3a"/>
      </object_component>
      <object_component id="oc-293">
         <name>.debug_aranges</name>
         <load_address>0x6c0</load_address>
         <run_address>0x6c0</run_address>
         <size>0x20</size>
         <input_file_ref idref="fl-41"/>
      </object_component>
      <object_component id="oc-295">
         <name>.debug_aranges</name>
         <load_address>0x6e0</load_address>
         <run_address>0x6e0</run_address>
         <size>0x20</size>
         <input_file_ref idref="fl-40"/>
      </object_component>
      <object_component id="oc-29b">
         <name>.debug_aranges</name>
         <load_address>0x700</load_address>
         <run_address>0x700</run_address>
         <size>0x20</size>
         <input_file_ref idref="fl-43"/>
      </object_component>
      <object_component id="oc-2a5">
         <name>.debug_aranges</name>
         <load_address>0x720</load_address>
         <run_address>0x720</run_address>
         <size>0x20</size>
         <input_file_ref idref="fl-4"/>
      </object_component>
      <object_component id="oc-2ac">
         <name>.debug_aranges</name>
         <load_address>0x740</load_address>
         <run_address>0x740</run_address>
         <size>0x20</size>
         <input_file_ref idref="fl-3"/>
      </object_component>
      <object_component id="oc-2b2">
         <name>.debug_aranges</name>
         <load_address>0x760</load_address>
         <run_address>0x760</run_address>
         <size>0x20</size>
         <input_file_ref idref="fl-4"/>
      </object_component>
      <object_component id="oc-2b8">
         <name>.debug_aranges</name>
         <load_address>0x780</load_address>
         <run_address>0x780</run_address>
         <size>0x20</size>
         <input_file_ref idref="fl-4"/>
      </object_component>
      <object_component id="oc-2c3">
         <name>.debug_aranges</name>
         <load_address>0x7a0</load_address>
         <run_address>0x7a0</run_address>
         <size>0x20</size>
         <input_file_ref idref="fl-48"/>
      </object_component>
      <object_component id="oc-2c9">
         <name>.debug_aranges</name>
         <load_address>0x7c0</load_address>
         <run_address>0x7c0</run_address>
         <size>0x20</size>
         <input_file_ref idref="fl-4d"/>
      </object_component>
      <object_component id="oc-2d9">
         <name>.debug_aranges</name>
         <load_address>0x7e0</load_address>
         <run_address>0x7e0</run_address>
         <size>0x20</size>
         <input_file_ref idref="fl-3b"/>
      </object_component>
      <object_component id="oc-2e7">
         <name>.debug_aranges</name>
         <load_address>0x800</load_address>
         <run_address>0x800</run_address>
         <size>0x20</size>
         <input_file_ref idref="fl-4"/>
      </object_component>
      <object_component id="oc-3d">
         <name>.debug_pubnames</name>
         <load_address>0x0</load_address>
         <run_address>0x0</run_address>
         <size>0x26</size>
         <input_file_ref idref="fl-34"/>
      </object_component>
      <object_component id="oc-43">
         <name>.debug_pubnames</name>
         <load_address>0x26</load_address>
         <run_address>0x26</run_address>
         <size>0x2b</size>
         <input_file_ref idref="fl-35"/>
      </object_component>
      <object_component id="oc-49">
         <name>.debug_pubnames</name>
         <load_address>0x51</load_address>
         <run_address>0x51</run_address>
         <size>0x25</size>
         <input_file_ref idref="fl-37"/>
      </object_component>
      <object_component id="oc-4f">
         <name>.debug_pubnames</name>
         <load_address>0x76</load_address>
         <run_address>0x76</run_address>
         <size>0x2c</size>
         <input_file_ref idref="fl-36"/>
      </object_component>
      <object_component id="oc-54">
         <name>.debug_pubnames</name>
         <load_address>0xa2</load_address>
         <run_address>0xa2</run_address>
         <size>0x1d</size>
         <input_file_ref idref="fl-34"/>
      </object_component>
      <object_component id="oc-59">
         <name>.debug_pubnames</name>
         <load_address>0xbf</load_address>
         <run_address>0xbf</run_address>
         <size>0x1f</size>
         <input_file_ref idref="fl-5"/>
      </object_component>
      <object_component id="oc-5f">
         <name>.debug_pubnames</name>
         <load_address>0xde</load_address>
         <run_address>0xde</run_address>
         <size>0x22</size>
         <input_file_ref idref="fl-3"/>
      </object_component>
      <object_component id="oc-65">
         <name>.debug_pubnames</name>
         <load_address>0x100</load_address>
         <run_address>0x100</run_address>
         <size>0x25</size>
         <input_file_ref idref="fl-5"/>
      </object_component>
      <object_component id="oc-6b">
         <name>.debug_pubnames</name>
         <load_address>0x125</load_address>
         <run_address>0x125</run_address>
         <size>0x20</size>
         <input_file_ref idref="fl-5"/>
      </object_component>
      <object_component id="oc-71">
         <name>.debug_pubnames</name>
         <load_address>0x145</load_address>
         <run_address>0x145</run_address>
         <size>0x20</size>
         <input_file_ref idref="fl-5"/>
      </object_component>
      <object_component id="oc-77">
         <name>.debug_pubnames</name>
         <load_address>0x165</load_address>
         <run_address>0x165</run_address>
         <size>0x27</size>
         <input_file_ref idref="fl-4e"/>
      </object_component>
      <object_component id="oc-7d">
         <name>.debug_pubnames</name>
         <load_address>0x18c</load_address>
         <run_address>0x18c</run_address>
         <size>0x21</size>
         <input_file_ref idref="fl-52"/>
      </object_component>
      <object_component id="oc-83">
         <name>.debug_pubnames</name>
         <load_address>0x1ad</load_address>
         <run_address>0x1ad</run_address>
         <size>0x1b</size>
         <input_file_ref idref="fl-5"/>
      </object_component>
      <object_component id="oc-8a">
         <name>.debug_pubnames</name>
         <load_address>0x1c8</load_address>
         <run_address>0x1c8</run_address>
         <size>0x1c</size>
         <input_file_ref idref="fl-3e"/>
      </object_component>
      <object_component id="oc-90">
         <name>.debug_pubnames</name>
         <load_address>0x1e4</load_address>
         <run_address>0x1e4</run_address>
         <size>0x1d</size>
         <input_file_ref idref="fl-49"/>
      </object_component>
      <object_component id="oc-a4">
         <name>.debug_pubnames</name>
         <load_address>0x201</load_address>
         <run_address>0x201</run_address>
         <size>0x2f</size>
         <input_file_ref idref="fl-36"/>
      </object_component>
      <object_component id="oc-b9">
         <name>.debug_pubnames</name>
         <load_address>0x230</load_address>
         <run_address>0x230</run_address>
         <size>0x2a</size>
         <input_file_ref idref="fl-4"/>
      </object_component>
      <object_component id="oc-bf">
         <name>.debug_pubnames</name>
         <load_address>0x25a</load_address>
         <run_address>0x25a</run_address>
         <size>0x300</size>
         <input_file_ref idref="fl-2"/>
      </object_component>
      <object_component id="oc-c6">
         <name>.debug_pubnames</name>
         <load_address>0x55a</load_address>
         <run_address>0x55a</run_address>
         <size>0x2b</size>
         <input_file_ref idref="fl-3d"/>
      </object_component>
      <object_component id="oc-ce">
         <name>.debug_pubnames</name>
         <load_address>0x585</load_address>
         <run_address>0x585</run_address>
         <size>0x21</size>
         <input_file_ref idref="fl-2"/>
      </object_component>
      <object_component id="oc-d4">
         <name>.debug_pubnames</name>
         <load_address>0x5a6</load_address>
         <run_address>0x5a6</run_address>
         <size>0x21</size>
         <input_file_ref idref="fl-2"/>
      </object_component>
      <object_component id="oc-da">
         <name>.debug_pubnames</name>
         <load_address>0x5c7</load_address>
         <run_address>0x5c7</run_address>
         <size>0x2d</size>
         <input_file_ref idref="fl-2"/>
      </object_component>
      <object_component id="oc-e0">
         <name>.debug_pubnames</name>
         <load_address>0x5f4</load_address>
         <run_address>0x5f4</run_address>
         <size>0x2d</size>
         <input_file_ref idref="fl-2"/>
      </object_component>
      <object_component id="oc-e6">
         <name>.debug_pubnames</name>
         <load_address>0x621</load_address>
         <run_address>0x621</run_address>
         <size>0x31</size>
         <input_file_ref idref="fl-2"/>
      </object_component>
      <object_component id="oc-101">
         <name>.debug_pubnames</name>
         <load_address>0x652</load_address>
         <run_address>0x652</run_address>
         <size>0x2d</size>
         <input_file_ref idref="fl-4"/>
      </object_component>
      <object_component id="oc-106">
         <name>.debug_pubnames</name>
         <load_address>0x67f</load_address>
         <run_address>0x67f</run_address>
         <size>0x37</size>
         <input_file_ref idref="fl-4"/>
      </object_component>
      <object_component id="oc-109">
         <name>.debug_pubnames</name>
         <load_address>0x6b6</load_address>
         <run_address>0x6b6</run_address>
         <size>0x26</size>
         <input_file_ref idref="fl-4"/>
      </object_component>
      <object_component id="oc-10e">
         <name>.debug_pubnames</name>
         <load_address>0x6dc</load_address>
         <run_address>0x6dc</run_address>
         <size>0x2c</size>
         <input_file_ref idref="fl-4"/>
      </object_component>
      <object_component id="oc-114">
         <name>.debug_pubnames</name>
         <load_address>0x708</load_address>
         <run_address>0x708</run_address>
         <size>0x20</size>
         <input_file_ref idref="fl-4"/>
      </object_component>
      <object_component id="oc-11a">
         <name>.debug_pubnames</name>
         <load_address>0x728</load_address>
         <run_address>0x728</run_address>
         <size>0x2b</size>
         <input_file_ref idref="fl-4"/>
      </object_component>
      <object_component id="oc-120">
         <name>.debug_pubnames</name>
         <load_address>0x753</load_address>
         <run_address>0x753</run_address>
         <size>0x2d</size>
         <input_file_ref idref="fl-4"/>
      </object_component>
      <object_component id="oc-127">
         <name>.debug_pubnames</name>
         <load_address>0x780</load_address>
         <run_address>0x780</run_address>
         <size>0x24</size>
         <input_file_ref idref="fl-4c"/>
      </object_component>
      <object_component id="oc-12d">
         <name>.debug_pubnames</name>
         <load_address>0x7a4</load_address>
         <run_address>0x7a4</run_address>
         <size>0x25</size>
         <input_file_ref idref="fl-4"/>
      </object_component>
      <object_component id="oc-133">
         <name>.debug_pubnames</name>
         <load_address>0x7c9</load_address>
[...]
      </symbol>
      <symbol id="sm-290">
         <name>__mspabi_srai_1</name>
         <value>0xe1e2</value>
         <object_component_ref idref="oc-1e5"/>
      </symbol>
      <symbol id="sm-291">
         <name>__mspabi_srai_15</name>
         <value>0xe1c6</value>
         <object_component_ref idref="oc-1e5"/>
      </symbol>
      <symbol id="sm-292">
         <name>__mspabi_srai_14</name>
         <value>0xe1c8</value>
         <object_component_ref idref="oc-1e5"/>
      </symbol>
      <symbol id="sm-293">
         <name>__mspabi_srai_13</name>
         <value>0xe1ca</value>
         <object_component_ref idref="oc-1e5"/>
      </symbol>
      <symbol id="sm-294">
         <name>__mspabi_srai_12</name>
         <value>0xe1cc</value>
         <object_component_ref idref="oc-1e5"/>
      </symbol>
      <symbol id="sm-295">
         <name>__mspabi_srai_11</name>
         <value>0xe1ce</value>
         <object_component_ref idref="oc-1e5"/>
      </symbol>
      <symbol id="sm-296">
         <name>__mspabi_srai_10</name>
         <value>0xe1d0</value>
         <object_component_ref idref="oc-1e5"/>
      </symbol>
      <symbol id="sm-2a6">
         <name>_c_int00_noexit</name>
         <value>0xe32c</value>
         <object_component_ref idref="oc-3a"/>
      </symbol>
      <symbol id="sm-2a7">
         <name>_c_int00</name>
         <value>0xe32c</value>
         <object_component_ref idref="oc-3a"/>
      </symbol>
      <symbol id="sm-2a8">
         <name>_stack</name>
         <value>0x3b0</value>
         <object_component_ref idref="oc-52"/>
      </symbol>
      <symbol id="sm-2a9">
         <name>_reset_vector</name>
         <value>0xfffe</value>
         <object_component_ref idref="oc-55"/>
      </symbol>
      <symbol id="sm-2bf">
         <name>__TI_decompress_none</name>
         <value>0xe39c</value>
         <object_component_ref idref="oc-40"/>
      </symbol>
      <symbol id="sm-2e1">
         <name>__TI_decompress_rle24</name>
         <value>0xe422</value>
         <object_component_ref idref="oc-4c"/>
      </symbol>
      <symbol id="sm-2f9">
         <name>__TI_zero_init</name>
         <value>0xe374</value>
         <object_component_ref idref="oc-46"/>
      </symbol>
      <symbol id="sm-311">
         <name>__mspabi_cvtdf</name>
         <value>0xdc2a</value>
         <object_component_ref idref="oc-1be"/>
      </symbol>
      <symbol id="sm-322">
         <name>__mspabi_cvtfd</name>
         <value>0xdcb6</value>
         <object_component_ref idref="oc-1a7"/>
      </symbol>
      <symbol id="sm-32e">
         <name>__mspabi_remli</name>
         <value>0xe020</value>
         <object_component_ref idref="oc-289"/>
      </symbol>
      <symbol id="sm-32f">
         <name>__mspabi_divli</name>
         <value>0xe020</value>
         <object_component_ref idref="oc-289"/>
      </symbol>
      <symbol id="sm-33d">
         <name>__mspabi_remul</name>
         <value>0xde9c</value>
         <object_component_ref idref="oc-2d6"/>
      </symbol>
      <symbol id="sm-33e">
         <name>__mspabi_divul</name>
         <value>0xde9c</value>
         <object_component_ref idref="oc-2d6"/>
      </symbol>
      <symbol id="sm-364">
         <name>__mspabi_divd</name>
         <value>0xcc4c</value>
         <object_component_ref idref="oc-1b8"/>
      </symbol>
      <symbol id="sm-36d">
         <name>__mspabi_func_epilog_2</name>
         <value>0xe3da</value>
         <object_component_ref idref="oc-c4"/>
      </symbol>
      <symbol id="sm-36e">
         <name>__mspabi_func_epilog_3</name>
         <value>0xe3d8</value>
         <object_component_ref idref="oc-c4"/>
      </symbol>
      <symbol id="sm-36f">
         <name>__mspabi_func_epilog_1</name>
         <value>0xe3dc</value>
         <object_component_ref idref="oc-c4"/>
      </symbol>
      <symbol id="sm-370">
         <name>__mspabi_func_epilog_6</name>
         <value>0xe3d2</value>
         <object_component_ref idref="oc-c4"/>
      </symbol>
      <symbol id="sm-371">
         <name>__mspabi_func_epilog_7</name>
         <value>0xe3d0</value>
         <object_component_ref idref="oc-c4"/>
      </symbol>
      <symbol id="sm-372">
         <name>__mspabi_func_epilog_4</name>
         <value>0xe3d6</value>
         <object_component_ref idref="oc-c4"/>
      </symbol>
      <symbol id="sm-373">
         <name>__mspabi_func_epilog_5</name>
         <value>0xe3d4</value>
         <object_component_ref idref="oc-c4"/>
      </symbol>
      <symbol id="sm-37d">
         <name>C$$EXIT</name>
         <value>0xe430</value>
         <object_component_ref idref="oc-86"/>
      </symbol>
      <symbol id="sm-37e">
         <name>abort</name>
         <value>0xe430</value>
         <object_component_ref idref="oc-86"/>
      </symbol>
      <symbol id="sm-399">
         <name>__TI_frcdivd</name>
         <value>0xc000</value>
         <object_component_ref idref="oc-27a"/>
      </symbol>
      <symbol id="sm-3b4">
         <name>__mspabi_subf</name>
         <value>0xd5d4</value>
         <object_component_ref idref="oc-294"/>
      </symbol>
      <symbol id="sm-3b5">
         <name>__mspabi_addf</name>
         <value>0xd5da</value>
         <object_component_ref idref="oc-294"/>
      </symbol>
      <symbol id="sm-3c7">
         <name>__mspabi_divf</name>
         <value>0xdaf8</value>
         <object_component_ref idref="oc-28f"/>
      </symbol>
      <symbol id="sm-3de">
         <name>__mspabi_mpyf</name>
         <value>0xda36</value>
         <object_component_ref idref="oc-1b3"/>
      </symbol>
      <symbol id="sm-3ed">
         <name>__mspabi_fixfu</name>
         <value>0xdfda</value>
         <object_component_ref idref="oc-299"/>
      </symbol>
      <symbol id="sm-3f8">
         <name>__mspabi_fltuf</name>
         <value>0xe2b2</value>
         <object_component_ref idref="oc-1a2"/>
      </symbol>
      <symbol id="sm-400">
         <name>__mspabi_slli</name>
         <value>0xe1e6</value>
         <object_component_ref idref="oc-195"/>
      </symbol>
      <symbol id="sm-401">
         <name>__mspabi_slli_9</name>
         <value>0xe1fe</value>
         <object_component_ref idref="oc-195"/>
      </symbol>
      <symbol id="sm-402">
         <name>__mspabi_slli_8</name>
         <value>0xe200</value>
         <object_component_ref idref="oc-195"/>
      </symbol>
      <symbol id="sm-403">
         <name>__mspabi_slli_7</name>
         <value>0xe202</value>
         <object_component_ref idref="oc-195"/>
      </symbol>
      <symbol id="sm-404">
         <name>__mspabi_slli_6</name>
         <value>0xe204</value>
         <object_component_ref idref="oc-195"/>
      </symbol>
      <symbol id="sm-405">
         <name>__mspabi_slli_5</name>
         <value>0xe206</value>
         <object_component_ref idref="oc-195"/>
      </symbol>
      <symbol id="sm-406">
         <name>__mspabi_slli_4</name>
         <value>0xe208</value>
         <object_component_ref idref="oc-195"/>
      </symbol>
      <symbol id="sm-407">
         <name>__mspabi_slli_3</name>
         <value>0xe20a</value>
         <object_component_ref idref="oc-195"/>
      </symbol>
      <symbol id="sm-408">
         <name>__mspabi_slli_2</name>
         <value>0xe20c</value>
         <object_component_ref idref="oc-195"/>
      </symbol>
      <symbol id="sm-409">
         <name>__mspabi_slli_1</name>
         <value>0xe20e</value>
         <object_component_ref idref="oc-195"/>
      </symbol>
      <symbol id="sm-40a">
         <name>__mspabi_slli_15</name>
         <value>0xe1f2</value>
         <object_component_ref idref="oc-195"/>
      </symbol>
      <symbol id="sm-40b">
         <name>__mspabi_slli_14</name>
         <value>0xe1f4</value>
         <object_component_ref idref="oc-195"/>
      </symbol>
      <symbol id="sm-40c">
         <name>__mspabi_slli_13</name>
         <value>0xe1f6</value>
         <object_component_ref idref="oc-195"/>
      </symbol>
      <symbol id="sm-40d">
         <name>__mspabi_slli_12</name>
         <value>0xe1f8</value>
         <object_component_ref idref="oc-195"/>
      </symbol>
      <symbol id="sm-40e">
         <name>__mspabi_slli_11</name>
         <value>0xe1fa</value>
         <object_component_ref idref="oc-195"/>
      </symbol>
      <symbol id="sm-40f">
         <name>__mspabi_slli_10</name>
         <value>0xe1fc</value>
         <object_component_ref idref="oc-195"/>
      </symbol>
      <symbol id="sm-417">
         <name>__mspabi_slll_9</name>
         <value>0xe0b6</value>
         <object_component_ref idref="oc-282"/>
      </symbol>
      <symbol id="sm-418">
         <name>__mspabi_slll_8</name>
         <value>0xe0ba</value>
         <object_component_ref idref="oc-282"/>
      </symbol>
      <symbol id="sm-419">
         <name>__mspabi_slll_7</name>
         <value>0xe0be</value>
         <object_component_ref idref="oc-282"/>
      </symbol>
      <symbol id="sm-41a">
         <name>__mspabi_slll_6</name>
         <value>0xe0c2</value>
         <object_component_ref idref="oc-282"/>
      </symbol>
      <symbol id="sm-41b">
         <name>__mspabi_slll_5</name>
         <value>0xe0c6</value>
         <object_component_ref idref="oc-282"/>
      </symbol>
      <symbol id="sm-41c">
         <name>__mspabi_slll_4</name>
         <value>0xe0ca</value>
         <object_component_ref idref="oc-282"/>
      </symbol>
      <symbol id="sm-41d">
         <name>__mspabi_slll_3</name>
         <value>0xe0ce</value>
         <object_component_ref idref="oc-282"/>
      </symbol>
      <symbol id="sm-41e">
         <name>__mspabi_slll_2</name>
         <value>0xe0d2</value>
         <object_component_ref idref="oc-282"/>
      </symbol>
      <symbol id="sm-41f">
         <name>__mspabi_slll_1</name>
         <value>0xe0d6</value>
         <object_component_ref idref="oc-282"/>
      </symbol>
      <symbol id="sm-420">
         <name>__mspabi_slll_15</name>
         <value>0xe09e</value>
         <object_component_ref idref="oc-282"/>
      </symbol>
      <symbol id="sm-421">
         <name>__mspabi_slll_14</name>
         <value>0xe0a2</value>
         <object_component_ref idref="oc-282"/>
      </symbol>
      <symbol id="sm-422">
         <name>__mspabi_slll_13</name>
         <value>0xe0a6</value>
         <object_component_ref idref="oc-282"/>
      </symbol>
      <symbol id="sm-423">
         <name>__mspabi_slll_12</name>
         <value>0xe0aa</value>
         <object_component_ref idref="oc-282"/>
      </symbol>
      <symbol id="sm-424">
         <name>__mspabi_slll_11</name>
         <value>0xe0ae</value>
         <object_component_ref idref="oc-282"/>
      </symbol>
      <symbol id="sm-425">
         <name>__mspabi_slll_10</name>
         <value>0xe0b2</value>
         <object_component_ref idref="oc-282"/>
      </symbol>
      <symbol id="sm-42d">
         <name>__mspabi_srli_8</name>
         <value>0xdf6e</value>
         <object_component_ref idref="oc-230"/>
      </symbol>
      <symbol id="sm-42e">
         <name>__mspabi_srli_9</name>
         <value>0xdf6a</value>
         <object_component_ref idref="oc-230"/>
      </symbol>
      <symbol id="sm-42f">
         <name>__mspabi_srli_6</name>
         <value>0xdf76</value>
         <object_component_ref idref="oc-230"/>
      </symbol>
      <symbol id="sm-430">
         <name>__mspabi_srli_7</name>
         <value>0xdf72</value>
         <object_component_ref idref="oc-230"/>
      </symbol>
      <symbol id="sm-431">
         <name>__mspabi_srli_4</name>
         <value>0xdf7e</value>
         <object_component_ref idref="oc-230"/>
      </symbol>
      <symbol id="sm-432">
         <name>__mspabi_srli_5</name>
         <value>0xdf7a</value>
         <object_component_ref idref="oc-230"/>
      </symbol>
      <symbol id="sm-433">
         <name>__mspabi_srli_2</name>
         <value>0xdf86</value>
         <object_component_ref idref="oc-230"/>
      </symbol>
      <symbol id="sm-434">
         <name>__mspabi_srli_3</name>
         <value>0xdf82</value>
         <object_component_ref idref="oc-230"/>
      </symbol>
      <symbol id="sm-435">
         <name>__mspabi_srli_1</name>
         <value>0xdf8a</value>
         <object_component_ref idref="oc-230"/>
      </symbol>
      <symbol id="sm-436">
         <name>__mspabi_srli</name>
         <value>0xdf44</value>
         <object_component_ref idref="oc-230"/>
      </symbol>
      <symbol id="sm-437">
         <name>__mspabi_srli_15</name>
         <value>0xdf52</value>
         <object_component_ref idref="oc-230"/>
      </symbol>
      <symbol id="sm-438">
         <name>__mspabi_srli_14</name>
         <value>0xdf56</value>
         <object_component_ref idref="oc-230"/>
      </symbol>
      <symbol id="sm-439">
         <name>__mspabi_srli_13</name>
         <value>0xdf5a</value>
         <object_component_ref idref="oc-230"/>
      </symbol>
      <symbol id="sm-43a">
         <name>__mspabi_srli_12</name>
         <value>0xdf5e</value>
         <object_component_ref idref="oc-230"/>
      </symbol>
      <symbol id="sm-43b">
         <name>__mspabi_srli_11</name>
         <value>0xdf62</value>
         <object_component_ref idref="oc-230"/>
      </symbol>
      <symbol id="sm-43c">
         <name>__mspabi_srli_10</name>
         <value>0xdf66</value>
         <object_component_ref idref="oc-230"/>
      </symbol>
      <symbol id="sm-444">
         <name>__mspabi_srll_8</name>
         <value>0xde6a</value>
         <object_component_ref idref="oc-2c1"/>
      </symbol>
      <symbol id="sm-445">
         <name>__mspabi_srll_9</name>
         <value>0xde64</value>
         <object_component_ref idref="oc-2c1"/>
      </symbol>
      <symbol id="sm-446">
         <name>__mspabi_srll_6</name>
         <value>0xde76</value>
         <object_component_ref idref="oc-2c1"/>
      </symbol>
      <symbol id="sm-447">
         <name>__mspabi_srll_7</name>
         <value>0xde70</value>
         <object_component_ref idref="oc-2c1"/>
      </symbol>
      <symbol id="sm-448">
         <name>__mspabi_srll_4</name>
         <value>0xde82</value>
         <object_component_ref idref="oc-2c1"/>
      </symbol>
      <symbol id="sm-449">
         <name>__mspabi_srll_5</name>
         <value>0xde7c</value>
         <object_component_ref idref="oc-2c1"/>
      </symbol>
      <symbol id="sm-44a">
         <name>__mspabi_srll_2</name>
         <value>0xde8e</value>
         <object_component_ref idref="oc-2c1"/>
      </symbol>
      <symbol id="sm-44b">
         <name>__mspabi_srll_3</name>
         <value>0xde88</value>
         <object_component_ref idref="oc-2c1"/>
      </symbol>
      <symbol id="sm-44c">
         <name>__mspabi_srll_1</name>
         <value>0xde94</value>
         <object_component_ref idref="oc-2c1"/>
      </symbol>
      <symbol id="sm-44d">
         <name>__mspabi_srll_15</name>
         <value>0xde40</value>
         <object_component_ref idref="oc-2c1"/>
      </symbol>
      <symbol id="sm-44e">
         <name>__mspabi_srll_14</name>
         <value>0xde46</value>
         <object_component_ref idref="oc-2c1"/>
      </symbol>
      <symbol id="sm-44f">
         <name>__mspabi_srll_13</name>
         <value>0xde4c</value>
         <object_component_ref idref="oc-2c1"/>
      </symbol>
      <symbol id="sm-450">
         <name>__mspabi_srll_12</name>
         <value>0xde52</value>
         <object_component_ref idref="oc-2c1"/>
      </symbol>
      <symbol id="sm-451">
         <name>__mspabi_srll_11</name>
         <value>0xde58</value>
         <object_component_ref idref="oc-2c1"/>
      </symbol>
      <symbol id="sm-452">
         <name>__mspabi_srll_10</name>
         <value>0xde5e</value>
         <object_component_ref idref="oc-2c1"/>
      </symbol>
      <symbol id="sm-460">
         <name>memcpy</name>
         <value>0xe3ae</value>
         <object_component_ref idref="oc-8d"/>
      </symbol>
      <symbol id="sm-483">
         <name>__mspabi_mpyd</name>
         <value>0xc9de</value>
         <object_component_ref idref="oc-1ad"/>
      </symbol>
      <symbol id="sm-48d">
         <name>__mspabi_mpyi</name>
         <value>0xe388</value>
         <object_component_ref idref="oc-123"/>
      </symbol>
      <symbol id="sm-497">
         <name>__mspabi_mpyl</name>
         <value>0xe28c</value>
         <object_component_ref idref="oc-2c6"/>
      </symbol>
      <symbol id="sm-4a0">
         <name>_system_pre_init</name>
         <value>0xe42c</value>
         <object_component_ref idref="oc-74"/>
      </symbol>
      <symbol id="sm-4aa">
         <name>__mspabi_sral_15</name>
         <value>0xe060</value>
         <object_component_ref idref="oc-260"/>
      </symbol>
      <symbol id="sm-4ab">
         <name>__mspabi_sral_14</name>
         <value>0xe064</value>
         <object_component_ref idref="oc-260"/>
      </symbol>
      <symbol id="sm-4ac">
         <name>__mspabi_sral_13</name>
         <value>0xe068</value>
         <object_component_ref idref="oc-260"/>
      </symbol>
      <symbol id="sm-4ad">
         <name>__mspabi_sral_12</name>
         <value>0xe06c</value>
         <object_component_ref idref="oc-260"/>
      </symbol>
      <symbol id="sm-4ae">
         <name>__mspabi_sral_11</name>
         <value>0xe070</value>
         <object_component_ref idref="oc-260"/>
      </symbol>
      <symbol id="sm-4af">
         <name>__mspabi_sral_10</name>
         <value>0xe074</value>
         <object_component_ref idref="oc-260"/>
      </symbol>
      <symbol id="sm-4b0">
         <name>__mspabi_sral_8</name>
         <value>0xe07c</value>
         <object_component_ref idref="oc-260"/>
      </symbol>
      <symbol id="sm-4b1">
         <name>__mspabi_sral_9</name>
         <value>0xe078</value>
         <object_component_ref idref="oc-260"/>
      </symbol>
      <symbol id="sm-4b2">
         <name>__mspabi_sral_6</name>
         <value>0xe084</value>
         <object_component_ref idref="oc-260"/>
      </symbol>
      <symbol id="sm-4b3">
         <name>__mspabi_sral_7</name>
         <value>0xe080</value>
         <object_component_ref idref="oc-260"/>
      </symbol>
      <symbol id="sm-4b4">
         <name>__mspabi_sral_4</name>
         <value>0xe08c</value>
         <object_component_ref idref="oc-260"/>
      </symbol>
      <symbol id="sm-4b5">
         <name>__mspabi_sral_5</name>
         <value>0xe088</value>
         <object_component_ref idref="oc-260"/>
      </symbol>
      <symbol id="sm-4b6">
         <name>__mspabi_sral_2</name>
         <value>0xe094</value>
         <object_component_ref idref="oc-260"/>
      </symbol>
      <symbol id="sm-4b7">
         <name>__mspabi_sral_3</name>
         <value>0xe090</value>
         <object_component_ref idref="oc-260"/>
      </symbol>
      <symbol id="sm-4b8">
         <name>__mspabi_sral_1</name>
         <value>0xe098</value>
         <object_component_ref idref="oc-260"/>
      </symbol>
      <symbol id="sm-4ce">
         <name>_auto_init</name>
         <value>0xdde2</value>
         <object_component_ref idref="oc-7a"/>
      </symbol>
      <symbol id="sm-4df">
         <name>__TI_frcmpyd</name>
         <value>0xc462</value>
         <object_component_ref idref="oc-26c"/>
      </symbol>
      <symbol id="sm-4e0">
         <name>__TI_exit</name>
         <value>0x1</value>
      </symbol>
      <symbol id="sm-4e1">
         <name>__TI_args_main</name>
         <value>0x1</value>
      </symbol>
      <symbol id="sm-4e2">
         <name>__TI_INITARRAY_Base</name>
         <value>0x0</value>
      </symbol>
      <symbol id="sm-4e3">
         <name>__TI_INITARRAY_Limit</name>
         <value>0x0</value>
      </symbol>
      <symbol id="sm-4e6">
         <name>Write8bitByteToCOM</name>
         <value>0xe3f8</value>
      </symbol>
   </symbol_table>
   <title>Link successful</title>
</link_info>
