******************************************************************************
                  MSP430 Linker PC v4.3.2                      
******************************************************************************
>> Linked Mon Aug 11 14:55:14 2014

OUTPUT FILE NAME:   <BOOST-DRV8711_FIRMWAREv1.0.out>
ENTRY POINT SYMBOL: "_c_int00"  address: 0000e32c


MEMORY CONFIGURATION

         name            origin    length      used     unused   attr    fill
----------------------  --------  ---------  --------  --------  ----  --------
  SFR                   00000000   00000010  00000000  00000010  RWIX
  PERIPHERALS_8BIT      00000010   000000f0  00000000  000000f0  RWIX
  PERIPHERALS_16BIT     00000100   00000100  00000000  00000100  RWIX
  RAM                   00000200   00000200  0000013e  000000c2  RWIX
  INFOD                 00001000   00000040  00000000  00000040  RWIX
  INFOC                 00001040   00000040  00000000  00000040  RWIX
  INFOB                 00001080   00000040  00000000  00000040  RWIX
  INFOA                 000010c0   00000040  00000000  00000040  RWIX
  FLASH                 0000c000   00003fe0  0000245e  00001b82  RWIX
  INT00                 0000ffe0   00000002  00000000  00000002  RWIX
  INT01                 0000ffe2   00000002  00000000  00000002  RWIX
  INT02                 0000ffe4   00000002  00000002  00000000  RWIX
  INT03                 0000ffe6   00000002  00000002  00000000  RWIX
  INT04                 0000ffe8   00000002  00000000  00000002  RWIX
  INT05                 0000ffea   00000002  00000002  00000000  RWIX
  INT06                 0000ffec   00000002  00000002  00000000  RWIX
  INT07                 0000ffee   00000002  00000002  00000000  RWIX
  INT08                 0000fff0   00000002  00000002  00000000  RWIX
  INT09                 0000fff2   00000002  00000002  00000000  RWIX
  INT10                 0000fff4   00000002  00000002  00000000  RWIX
  INT11                 0000fff6   00000002  00000002  00000000  RWIX
  INT12                 0000fff8   00000002  00000002  00000000  RWIX
  INT13                 0000fffa   00000002  00000002  00000000  RWIX
  INT14                 0000fffc   00000002  00000002  00000000  RWIX
  RESET                 0000fffe   00000002  00000002  00000000  RWIX


SECTION ALLOCATION MAP

 output                                  attributes/
section   page    origin      length       input sections
--------  ----  ----------  ----------   ----------------
.init_array 
*          0    0000c000    00000000     UNINITIALIZED

.bss       0    00000200    00000096     UNINITIALIZED
                  00000200    00000044     (.common:gInCmdBuffer)
                  00000244    00000012     (.common:G_STATUS_REG)
                  00000256    00000010     (.common:G_CTRL_REG)
                  00000266    0000000e     (.common:G_DRIVE_REG)
                  00000274    00000008     (.common:G_STALL_REG)
                  0000027c    00000006     (.common:G_BLANK_REG)
                  00000282    00000006     (.common:G_DECAY_REG)
                  00000288    00000006     (.common:G_OFF_REG)
                  0000028e    00000006     (.common:G_TORQUE_REG)
                  00000294    00000002     (.common:gInCmdSkipCount)

.TI.noinit 
*          0    00000200    00000000     UNINITIALIZED

.data      0    00000296    00000058     UNINITIALIZED
                  00000296    00000056     utility.obj (.data)
                  000002ec    00000002     monitor.obj (.data)

.TI.persistent 
*          0    00000296    00000000     UNINITIALIZED

.stack     0    000003b0    00000050     UNINITIALIZED
                  000003b0    00000002     rts430_eabi.lib : boot.obj (.stack)
                  000003b2    0000004e     --HOLE--

.text      0    0000c000    00002436     
                  0000c000    00000462     rts430_eabi.lib : frcdivd.obj (.text:__TI_frcdivd)
                  0000c462    000002f4                     : frcmpyd.obj (.text:__TI_frcmpyd)
                  0000c756    00000288     utility.obj (.text:StepProfile)
                  0000c9de    0000026e     rts430_eabi.lib : mpyd.obj (.text:__mspabi_mpyd)
                  0000cc4c    00000238                     : divd.obj (.text:__mspabi_divd)
                  0000ce84    00000220     utility.obj (.text:ReadAllRegisters)
                  0000d0a4    000001e4     utility.obj (.text:SpeedProfile)
                  0000d288    000001aa     utility.obj (.text:UpdateGPIO)
                  0000d432    000001a2     utility.obj (.text:Initialize)
                  0000d5d4    00000130     rts430_eabi.lib : fs_add.obj (.text)
                  0000d704    0000012e     utility.obj (.text:WriteAllRegisters)
                  0000d832    00000128     utility.obj (.text:UpdateStepperMotionProfile)
                  0000d95a    000000dc     utility.obj (.text:UpdateFullScaleCurrent)
                  0000da36    000000c2     rts430_eabi.lib : fs_mpy.obj (.text)
                  0000daf8    0000009a                     : fs_div.obj (.text)
                  0000db92    00000098     utility.obj (.text:UpdateDRV8711Registers)
                  0000dc2a    0000008c     rts430_eabi.lib : cvtdf.obj (.text:__mspabi_cvtdf)
                  0000dcb6    00000068                     : cvtfd.obj (.text:__mspabi_cvtfd)
                  0000dd1e    00000066     monitor.obj (.text:receivedDataCommand)
                  0000dd84    0000005e     rts430_eabi.lib : copy_decompress_rle.obj (.text:__TI_decompress_rle_core)
                  0000dde2    0000005e                     : autoinit.obj (.text:_auto_init)
                  0000de40    0000005c                     : lsr32.obj (.text:l_lsr_const)
                  0000de9c    00000058                     : div32u.obj (.text)
                  0000def4    00000050     monitor.obj (.text:MemAccessCmd)
                  0000df44    0000004c     rts430_eabi.lib : lsr16.obj (.text)
                  0000df90    0000004a     monitor.obj (.text:WriteMAUToCOM)
                  0000dfda    00000046     rts430_eabi.lib : fs_tou.obj (.text)
                  0000e020    00000040                     : div32s.obj (.text)
                  0000e060    0000003e                     : asr32.obj (.text:l_asr_const)
                  0000e09e    0000003e                     : lsl32.obj (.text:l_lsl_const)
                  0000e0dc    0000003c     main.obj (.text:Timer1_A1)
                  0000e118    0000003a     monitor.obj (.text:GetInCmdAddress)
                  0000e152    00000038     monitor.obj (.text:GetWriteCmdDataMAU)
                  0000e18a    00000030     utility.obj (.text:SPI_DRV8711_ReadWrite)
                  0000e1ba    0000002c     rts430_eabi.lib : asr16.obj (.text)
                  0000e1e6    0000002c                     : lsl16.obj (.text)
                  0000e212    0000002a     uart.obj (.text:USCI0RX_ISR)
                  0000e23c    0000002a     uart.obj (.text:uartInit)
                  0000e266    00000026     monitor.obj (.text:ProcessCommand)
                  0000e28c    00000026     rts430_eabi.lib : mult32.obj (.text)
                  0000e2b2    00000024                     : fs_utof.obj (.text)
                  0000e2d6    0000001e     monitor.obj (.text:GetSizeOfMAUIn8bitByte)
                  0000e2f4    0000001e     main.obj (.text:Timer1_A0)
                  0000e312    0000001a     monitor.obj (.text:WriteToCmdBuffer)
                  0000e32c    0000001a     rts430_eabi.lib : boot.obj (.text:_c_int00_noexit)
                  0000e346    0000001a     main.obj (.text:main)
                  0000e360    00000014     monitor.obj (.text:VerifyInputCmdHeaders)
                  0000e374    00000014     rts430_eabi.lib : copy_zero_init.obj (.text:decompress:ZI:__TI_zero_init)
                  0000e388    00000014                     : mult16.obj (.text)
                  0000e39c    00000012                     : copy_decompress_none.obj (.text:decompress:none:__TI_decompress_none)
                  0000e3ae    00000012                     : memcpy.obj (.text:memcpy)
                  0000e3c0    00000010     monitor.obj (.text:WriteByteToInCmdBuffer)
                  0000e3d0    00000010     rts430_eabi.lib : epilog.obj (.text)
                  0000e3e0    0000000c     monitor.obj (.text:GetRWFlag)
                  0000e3ec    0000000c     main.obj (.text:WatchDog_Timer)
                  0000e3f8    0000000c     uart.obj (.text:uartTxByte)
                  0000e404    0000000a     monitor.obj (.text:ClearBufferRelatedParam)
                  0000e40e    0000000a     monitor.obj (.text:GetInputCmdType)
                  0000e418    0000000a     monitor.obj (.text:GetTransferSizeInMAU)
                  0000e422    00000006     rts430_eabi.lib : copy_decompress_rle.obj (.text:decompress:rle24:__TI_decompress_rle24)
                  0000e428    00000004     monitor.obj (.text:GetTargetEndianness)
                  0000e42c    00000004     rts430_eabi.lib : pre_init.obj (.text:_system_pre_init)
                  0000e430    00000004                     : exit.obj (.text:abort)
                  0000e434    00000002     main.obj (.text:Trap_ISR)

.cinit     0    0000e436    00000028     
                  0000e436    00000015     (.cinit..data.load) [load image, compression = rle]
                  0000e44b    00000001     --HOLE-- [fill = 0]
                  0000e44c    00000006     (__TI_handler_table)
                  0000e452    00000004     (.cinit..bss.load) [load image, compression = zero_init]
                  0000e456    00000008     (__TI_cinit_table)

PORT1      0    0000ffe4    00000002     
                  0000ffe4    00000002     main.obj (.int02)

PORT2      0    0000ffe6    00000002     
                  0000ffe6    00000002     main.obj (.int03)

ADC10      0    0000ffea    00000002     
                  0000ffea    00000002     main.obj (.int05)

USCIAB0TX 
*          0    0000ffec    00000002     
                  0000ffec    00000002     main.obj (.int06)

USCIAB0RX 
*          0    0000ffee    00000002     
                  0000ffee    00000002     uart.obj (.int07)

TIMER0_A1 
*          0    0000fff0    00000002     
                  0000fff0    00000002     main.obj (.int08)

TIMER0_A0 
*          0    0000fff2    00000002     
                  0000fff2    00000002     main.obj (.int09)

WDT        0    0000fff4    00000002     
                  0000fff4    00000002     main.obj (.int10)

COMPARATORA 
*          0    0000fff6    00000002     
                  0000fff6    00000002     main.obj (.int11)

TIMER1_A1 
*          0    0000fff8    00000002     
                  0000fff8    00000002     main.obj (.int12)

TIMER1_A0 
*          0    0000fffa    00000002     
                  0000fffa    00000002     main.obj (.int13)

NMI        0    0000fffc    00000002     
                  0000fffc    00000002     main.obj (.int14)

.reset     0    0000fffe    00000002     
                  0000fffe    00000002     rts430_eabi.lib : boot.obj (.reset)


LINKER GENERATED COPY TABLES

__TI_cinit_table @ 0000e456 records: 2, size/record: 4, table size: 8
	.data: load addr=0000e436, load size=00000015 bytes, run addr=00000296, run size=00000058 bytes, compression=rle
	.bss: load addr=0000e452, load size=00000004 bytes, run addr=00000200, run size=00000096 bytes, compression=zero_init


LINKER GENERATED HANDLER TABLE

__TI_handler_table @ 0000e44c records: 3, size/record: 2, table size: 6
	index: 0, handler: __TI_zero_init
	index: 1, handler: __TI_decompress_rle24
	index: 2, handler: __TI_decompress_none


GLOBAL SYMBOLS: SORTED ALPHABETICALLY BY Name 

address    name
--------   ----
0000004a   ADC10AE0
000001b0   ADC10CTL0
000001b2   ADC10CTL1
00000048   ADC10DTC0
00000049   ADC10DTC1
000001b4   ADC10MEM
000001bc   ADC10SA
00000057   BCSCTL1
00000058   BCSCTL2
00000053   BCSCTL3
0000e430   C$$EXIT
00000059   CACTL1
0000005a   CACTL2
000010fb   CALBC1_12MHZ
000010f9   CALBC1_16MHZ
000010ff   CALBC1_1MHZ
000010fd   CALBC1_8MHZ
000010fa   CALDCO_12MHZ
000010f8   CALDCO_16MHZ
000010fe   CALDCO_1MHZ
000010fc   CALDCO_8MHZ
0000005b   CAPD
0000e404   ClearBufferRelatedParam
00000056   DCOCTL
00000128   FCTL1
0000012a   FCTL2
0000012c   FCTL3
000002d4   G_ACCEL_FLAG
000002bc   G_ACCEL_RATE
000002e6   G_BIN1
000002e4   G_BIN2
0000027c   G_BLANK_REG
000002a2   G_BYPASS_INDEXER
000002a4   G_BYPASS_INDEXER_OLD
00000256   G_CTRL_REG
000002cc   G_CUR_NUM_STEPS
000002ce   G_CUR_SPEED
000002d0   G_CUR_SPEED_TEMP
00000282   G_DECAY_REG
000002e2   G_DIR_AIN2
00000266   G_DRIVE_REG
00000296   G_FIRMWARE_VERSION
0000029a   G_FULL_SCALE_CURRENT
000002a0   G_ISGAIN_OLD
000002da   G_LOAD_CCR_VALS
000002b2   G_MANUAL_READ
000002ac   G_MANUAL_WRITE
000002c2   G_MOTOR_STATE
00000288   G_OFF_REG
000002b4   G_READ_ADDR
000002a8   G_READ_ALL_REG
000002b6   G_READ_DATA
000002de   G_RESET
000002aa   G_RESET_FAULTS
000002d2   G_SPEED_INCR
000002c4   G_SPEED_PROFILE
000002c6   G_SPEED_PROFILE_LOCK
00000274   G_STALL_REG
000002b8   G_START_STOP_SPEED
00000244   G_STATUS_REG
000002c0   G_STEPS_TO_ACCEL
000002e0   G_STEP_AIN1
000002c8   G_STEP_PROFILE
000002ca   G_STEP_PROFILE_LOCK
000002d6   G_TA1CCR0_TEMP
000002d8   G_TA1CCR1_TEMP
000002ba   G_TARGET_SPEED
0000029e   G_TORQUE_OLD
0000028e   G_TORQUE_REG
000002be   G_TOTAL_NUM_STEPS
000002ae   G_WRITE_ADDR
000002a6   G_WRITE_ALL_REG
000002b0   G_WRITE_DATA
000002e8   G_nFAULT
000002dc   G_nSLEEP
000002ea   G_nSTALL
0000e118   GetInCmdAddress
0000e40e   GetInputCmdType
0000e3e0   GetRWFlag
0000e2d6   GetSizeOfMAUIn8bitByte
0000e428   GetTargetEndianness
0000e418   GetTransferSizeInMAU
0000e152   GetWriteCmdDataMAU
00000000   IE1
00000001   IE2
00000002   IFG1
00000003   IFG2
0000d432   Initialize
0000def4   MemAccessCmd
00000022   P1DIR
00000025   P1IE
00000024   P1IES
00000023   P1IFG
00000020   P1IN
00000021   P1OUT
00000027   P1REN
00000026   P1SEL
00000041   P1SEL2
0000002a   P2DIR
0000002d   P2IE
0000002c   P2IES
0000002b   P2IFG
00000028   P2IN
00000029   P2OUT
0000002f   P2REN
0000002e   P2SEL
00000042   P2SEL2
0000001a   P3DIR
00000018   P3IN
00000019   P3OUT
00000010   P3REN
0000001b   P3SEL
00000043   P3SEL2
0000e266   ProcessCommand
0000ce84   ReadAllRegisters
0000e18a   SPI_DRV8711_ReadWrite
0000d0a4   SpeedProfile
0000c756   StepProfile
00000172   TA0CCR0
00000174   TA0CCR1
00000176   TA0CCR2
00000162   TA0CCTL0
00000164   TA0CCTL1
00000166   TA0CCTL2
00000160   TA0CTL
0000012e   TA0IV
00000170   TA0R
00000192   TA1CCR0
00000194   TA1CCR1
00000196   TA1CCR2
00000182   TA1CCTL0
00000184   TA1CCTL1
00000186   TA1CCTL2
00000180   TA1CTL
0000011e   TA1IV
00000190   TA1R
000010db   TLV_ADC10_1_LEN
000010da   TLV_ADC10_1_TAG
000010c0   TLV_CHECKSUM
000010f7   TLV_DCO_30_LEN
000010f6   TLV_DCO_30_TAG
0000e2f4   Timer1_A0
0000e0dc   Timer1_A1
0000e434   Trap_ISR
0000005d   UCA0ABCTL
00000062   UCA0BR0
00000063   UCA0BR1
00000060   UCA0CTL0
00000061   UCA0CTL1
0000005f   UCA0IRRCTL
0000005e   UCA0IRTCTL
00000064   UCA0MCTL
00000066   UCA0RXBUF
00000065   UCA0STAT
00000067   UCA0TXBUF
0000006a   UCB0BR0
0000006b   UCB0BR1
00000068   UCB0CTL0
00000069   UCB0CTL1
0000006c   UCB0I2CIE
00000118   UCB0I2COA
0000011a   UCB0I2CSA
0000006e   UCB0RXBUF
0000006d   UCB0STAT
0000006f   UCB0TXBUF
0000e212   USCI0RX_ISR
0000db92   UpdateDRV8711Registers
0000d95a   UpdateFullScaleCurrent
0000d288   UpdateGPIO
0000d832   UpdateStepperMotionProfile
0000e360   VerifyInputCmdHeaders
00000120   WDTCTL
0000e3ec   WatchDog_Timer
0000e3f8   Write8bitByteToCOM
0000d704   WriteAllRegisters
0000e3c0   WriteByteToInCmdBuffer
0000df90   WriteMAUToCOM
0000e312   WriteToCmdBuffer
00000400   __STACK_END
00000050   __STACK_SIZE
0000e456   __TI_CINIT_Base
0000e45e   __TI_CINIT_Limit
0000e44c   __TI_Handler_Table_Base
0000e452   __TI_Handler_Table_Limit
UNDEFED    __TI_INITARRAY_Base
UNDEFED    __TI_INITARRAY_Limit
00000001   __TI_args_main
0000e39c   __TI_decompress_none
0000e422   __TI_decompress_rle24
00000001   __TI_exit
0000c000   __TI_frcdivd
0000c462   __TI_frcmpyd
0000ffe4   __TI_int02
0000ffe6   __TI_int03
0000ffea   __TI_int05
0000ffec   __TI_int06
0000ffee   __TI_int07
0000fff0   __TI_int08
0000fff2   __TI_int09
0000fff4   __TI_int10
0000fff6   __TI_int11
0000fff8   __TI_int12
0000fffa   __TI_int13
0000fffc   __TI_int14
0000e374   __TI_zero_init
ffffffff   __binit__
ffffffff   __c_args__
0000d5da   __mspabi_addf
0000dc2a   __mspabi_cvtdf
0000dcb6   __mspabi_cvtfd
0000cc4c   __mspabi_divd
0000daf8   __mspabi_divf
0000e020   __mspabi_divli
0000de9c   __mspabi_divul
0000dfda   __mspabi_fixfu
0000e2b2   __mspabi_fltuf
0000e3dc   __mspabi_func_epilog_1
0000e3da   __mspabi_func_epilog_2
0000e3d8   __mspabi_func_epilog_3
0000e3d6   __mspabi_func_epilog_4
0000e3d4   __mspabi_func_epilog_5
0000e3d2   __mspabi_func_epilog_6
0000e3d0   __mspabi_func_epilog_7
0000c9de   __mspabi_mpyd
0000da36   __mspabi_mpyf
0000e388   __mspabi_mpyi
0000e28c   __mspabi_mpyl
0000e020   __mspabi_remli
0000de9c   __mspabi_remul
0000e1e6   __mspabi_slli
0000e20e   __mspabi_slli_1
0000e1fc   __mspabi_slli_10
0000e1fa   __mspabi_slli_11
0000e1f8   __mspabi_slli_12
0000e1f6   __mspabi_slli_13
0000e1f4   __mspabi_slli_14
0000e1f2   __mspabi_slli_15
0000e20c   __mspabi_slli_2
0000e20a   __mspabi_slli_3
0000e208   __mspabi_slli_4
0000e206   __mspabi_slli_5
0000e204   __mspabi_slli_6
0000e202   __mspabi_slli_7
0000e200   __mspabi_slli_8
0000e1fe   __mspabi_slli_9
0000e0d6   __mspabi_slll_1
0000e0b2   __mspabi_slll_10
0000e0ae   __mspabi_slll_11
0000e0aa   __mspabi_slll_12
0000e0a6   __mspabi_slll_13
0000e0a2   __mspabi_slll_14
0000e09e   __mspabi_slll_15
0000e0d2   __mspabi_slll_2
0000e0ce   __mspabi_slll_3
0000e0ca   __mspabi_slll_4
0000e0c6   __mspabi_slll_5
0000e0c2   __mspabi_slll_6
0000e0be   __mspabi_slll_7
0000e0ba   __mspabi_slll_8
0000e0b6   __mspabi_slll_9
0000e1ba   __mspabi_srai
0000e1e2   __mspabi_srai_1
0000e1d0   __mspabi_srai_10
0000e1ce   __mspabi_srai_11
0000e1cc   __mspabi_srai_12
0000e1ca   __mspabi_srai_13
0000e1c8   __mspabi_srai_14
0000e1c6   __mspabi_srai_15
0000e1e0   __mspabi_srai_2
0000e1de   __mspabi_srai_3
0000e1dc   __mspabi_srai_4
0000e1da   __mspabi_srai_5
0000e1d8   __mspabi_srai_6
0000e1d6   __mspabi_srai_7
0000e1d4   __mspabi_srai_8
0000e1d2   __mspabi_srai_9
0000e098   __mspabi_sral_1
0000e074   __mspabi_sral_10
0000e070   __mspabi_sral_11
0000e06c   __mspabi_sral_12
0000e068   __mspabi_sral_13
0000e064   __mspabi_sral_14
0000e060   __mspabi_sral_15
0000e094   __mspabi_sral_2
0000e090   __mspabi_sral_3
0000e08c   __mspabi_sral_4
0000e088   __mspabi_sral_5
0000e084   __mspabi_sral_6
0000e080   __mspabi_sral_7
0000e07c   __mspabi_sral_8
0000e078   __mspabi_sral_9
0000df44   __mspabi_srli
0000df8a   __mspabi_srli_1
0000df66   __mspabi_srli_10
0000df62   __mspabi_srli_11
0000df5e   __mspabi_srli_12
0000df5a   __mspabi_srli_13
0000df56   __mspabi_srli_14
0000df52   __mspabi_srli_15
0000df86   __mspabi_srli_2
0000df82   __mspabi_srli_3
0000df7e   __mspabi_srli_4
0000df7a   __mspabi_srli_5
0000df76   __mspabi_srli_6
0000df72   __mspabi_srli_7
0000df6e   __mspabi_srli_8
0000df6a   __mspabi_srli_9
0000de94   __mspabi_srll_1
0000de5e   __mspabi_srll_10
0000de58   __mspabi_srll_11
0000de52   __mspabi_srll_12
0000de4c   __mspabi_srll_13
0000de46   __mspabi_srll_14
0000de40   __mspabi_srll_15
0000de8e   __mspabi_srll_2
0000de88   __mspabi_srll_3
0000de82   __mspabi_srll_4
0000de7c   __mspabi_srll_5
0000de76   __mspabi_srll_6
0000de70   __mspabi_srll_7
0000de6a   __mspabi_srll_8
0000de64   __mspabi_srll_9
0000d5d4   __mspabi_subf
0000dde2   _auto_init
0000e32c   _c_int00
0000e32c   _c_int00_noexit
0000fffe   _reset_vector
000003b0   _stack
0000e42c   _system_pre_init
0000e430   abort
ffffffff   binit
00000200   gInCmdBuffer
000002ec   gInCmdBufferIdx
00000294   gInCmdSkipCount
0000e346   main
0000e3ae   memcpy
0000dd1e   receivedDataCommand
0000e23c   uartInit
0000e3f8   uartTxByte


GLOBAL SYMBOLS: SORTED BY Symbol Address 

address    name
--------   ----
00000000   IE1
00000001   IE2
00000001   __TI_args_main
00000001   __TI_exit
00000002   IFG1
00000003   IFG2
00000010   P3REN
00000018   P3IN
00000019   P3OUT
0000001a   P3DIR
0000001b   P3SEL
00000020   P1IN
00000021   P1OUT
00000022   P1DIR
00000023   P1IFG
00000024   P1IES
00000025   P1IE
00000026   P1SEL
00000027   P1REN
00000028   P2IN
00000029   P2OUT
0000002a   P2DIR
0000002b   P2IFG
0000002c   P2IES
0000002d   P2IE
0000002e   P2SEL
0000002f   P2REN
00000041   P1SEL2
00000042   P2SEL2
00000043   P3SEL2
00000048   ADC10DTC0
00000049   ADC10DTC1
0000004a   ADC10AE0
00000050   __STACK_SIZE
00000053   BCSCTL3
00000056   DCOCTL
00000057   BCSCTL1
00000058   BCSCTL2
00000059   CACTL1
0000005a   CACTL2
0000005b   CAPD
0000005d   UCA0ABCTL
0000005e   UCA0IRTCTL
0000005f   UCA0IRRCTL
00000060   UCA0CTL0
00000061   UCA0CTL1
00000062   UCA0BR0
00000063   UCA0BR1
00000064   UCA0MCTL
00000065   UCA0STAT
00000066   UCA0RXBUF
00000067   UCA0TXBUF
00000068   UCB0CTL0
00000069   UCB0CTL1
0000006a   UCB0BR0
0000006b   UCB0BR1
0000006c   UCB0I2CIE
0000006d   UCB0STAT
0000006e   UCB0RXBUF
0000006f   UCB0TXBUF
00000118   UCB0I2COA
0000011a   UCB0I2CSA
0000011e   TA1IV
00000120   WDTCTL
00000128   FCTL1
0000012a   FCTL2
0000012c   FCTL3
0000012e   TA0IV
00000160   TA0CTL
00000162   TA0CCTL0
00000164   TA0CCTL1
00000166   TA0CCTL2
00000170   TA0R
00000172   TA0CCR0
00000174   TA0CCR1
00000176   TA0CCR2
00000180   TA1CTL
00000182   TA1CCTL0
00000184   TA1CCTL1
00000186   TA1CCTL2
00000190   TA1R
00000192   TA1CCR0
00000194   TA1CCR1
00000196   TA1CCR2
000001b0   ADC10CTL0
000001b2   ADC10CTL1
000001b4   ADC10MEM
000001bc   ADC10SA
00000200   gInCmdBuffer
00000244   G_STATUS_REG
00000256   G_CTRL_REG
00000266   G_DRIVE_REG
00000274   G_STALL_REG
0000027c   G_BLANK_REG
00000282   G_DECAY_REG
00000288   G_OFF_REG
0000028e   G_TORQUE_REG
00000294   gInCmdSkipCount
00000296   G_FIRMWARE_VERSION
0000029a   G_FULL_SCALE_CURRENT
0000029e   G_TORQUE_OLD
000002a0   G_ISGAIN_OLD
000002a2   G_BYPASS_INDEXER
000002a4   G_BYPASS_INDEXER_OLD
000002a6   G_WRITE_ALL_REG
000002a8   G_READ_ALL_REG
000002aa   G_RESET_FAULTS
000002ac   G_MANUAL_WRITE
000002ae   G_WRITE_ADDR
000002b0   G_WRITE_DATA
000002b2   G_MANUAL_READ
000002b4   G_READ_ADDR
000002b6   G_READ_DATA
000002b8   G_START_STOP_SPEED
000002ba   G_TARGET_SPEED
000002bc   G_ACCEL_RATE
000002be   G_TOTAL_NUM_STEPS
000002c0   G_STEPS_TO_ACCEL
000002c2   G_MOTOR_STATE
000002c4   G_SPEED_PROFILE
000002c6   G_SPEED_PROFILE_LOCK
000002c8   G_STEP_PROFILE
000002ca   G_STEP_PROFILE_LOCK
000002cc   G_CUR_NUM_STEPS
000002ce   G_CUR_SPEED
000002d0   G_CUR_SPEED_TEMP
000002d2   G_SPEED_INCR
000002d4   G_ACCEL_FLAG
000002d6   G_TA1CCR0_TEMP
000002d8   G_TA1CCR1_TEMP
000002da   G_LOAD_CCR_VALS
000002dc   G_nSLEEP
000002de   G_RESET
000002e0   G_STEP_AIN1
000002e2   G_DIR_AIN2
000002e4   G_BIN2
000002e6   G_BIN1
000002e8   G_nFAULT
000002ea   G_nSTALL
000002ec   gInCmdBufferIdx
000003b0   _stack
00000400   __STACK_END
000010c0   TLV_CHECKSUM
000010da   TLV_ADC10_1_TAG
000010db   TLV_ADC10_1_LEN
000010f6   TLV_DCO_30_TAG
000010f7   TLV_DCO_30_LEN
000010f8   CALDCO_16MHZ
000010f9   CALBC1_16MHZ
000010fa   CALDCO_12MHZ
000010fb   CALBC1_12MHZ
000010fc   CALDCO_8MHZ
000010fd   CALBC1_8MHZ
000010fe   CALDCO_1MHZ
000010ff   CALBC1_1MHZ
0000c000   __TI_frcdivd
0000c462   __TI_frcmpyd
0000c756   StepProfile
0000c9de   __mspabi_mpyd
0000cc4c   __mspabi_divd
0000ce84   ReadAllRegisters
0000d0a4   SpeedProfile
0000d288   UpdateGPIO
0000d432   Initialize
0000d5d4   __mspabi_subf
0000d5da   __mspabi_addf
0000d704   WriteAllRegisters
0000d832   UpdateStepperMotionProfile
0000d95a   UpdateFullScaleCurrent
0000da36   __mspabi_mpyf
0000daf8   __mspabi_divf
0000db92   UpdateDRV8711Registers
0000dc2a   __mspabi_cvtdf
0000dcb6   __mspabi_cvtfd
0000dd1e   receivedDataCommand
0000dde2   _auto_init
0000de40   __mspabi_srll_15
0000de46   __mspabi_srll_14
0000de4c   __mspabi_srll_13
0000de52   __mspabi_srll_12
0000de58   __mspabi_srll_11
0000de5e   __mspabi_srll_10
0000de64   __mspabi_srll_9
0000de6a   __mspabi_srll_8
0000de70   __mspabi_srll_7
0000de76   __mspabi_srll_6
0000de7c   __mspabi_srll_5
0000de82   __mspabi_srll_4
0000de88   __mspabi_srll_3
0000de8e   __mspabi_srll_2
0000de94   __mspabi_srll_1
0000de9c   __mspabi_divul
0000de9c   __mspabi_remul
0000def4   MemAccessCmd
0000df44   __mspabi_srli
0000df52   __mspabi_srli_15
0000df56   __mspabi_srli_14
0000df5a   __mspabi_srli_13
0000df5e   __mspabi_srli_12
0000df62   __mspabi_srli_11
0000df66   __mspabi_srli_10
0000df6a   __mspabi_srli_9
0000df6e   __mspabi_srli_8
0000df72   __mspabi_srli_7
0000df76   __mspabi_srli_6
0000df7a   __mspabi_srli_5
0000df7e   __mspabi_srli_4
0000df82   __mspabi_srli_3
0000df86   __mspabi_srli_2
0000df8a   __mspabi_srli_1
0000df90   WriteMAUToCOM
0000dfda   __mspabi_fixfu
0000e020   __mspabi_divli
0000e020   __mspabi_remli
0000e060   __mspabi_sral_15
0000e064   __mspabi_sral_14
0000e068   __mspabi_sral_13
0000e06c   __mspabi_sral_12
0000e070   __mspabi_sral_11
0000e074   __mspabi_sral_10
0000e078   __mspabi_sral_9
0000e07c   __mspabi_sral_8
0000e080   __mspabi_sral_7
0000e084   __mspabi_sral_6
0000e088   __mspabi_sral_5
0000e08c   __mspabi_sral_4
0000e090   __mspabi_sral_3
0000e094   __mspabi_sral_2
0000e098   __mspabi_sral_1
0000e09e   __mspabi_slll_15
0000e0a2   __mspabi_slll_14
0000e0a6   __mspabi_slll_13
0000e0aa   __mspabi_slll_12
0000e0ae   __mspabi_slll_11
0000e0b2   __mspabi_slll_10
0000e0b6   __mspabi_slll_9
0000e0ba   __mspabi_slll_8
0000e0be   __mspabi_slll_7
0000e0c2   __mspabi_slll_6
0000e0c6   __mspabi_slll_5
0000e0ca   __mspabi_slll_4
0000e0ce   __mspabi_slll_3
0000e0d2   __mspabi_slll_2
0000e0d6   __mspabi_slll_1
0000e0dc   Timer1_A1
0000e118   GetInCmdAddress
0000e152   GetWriteCmdDataMAU
0000e18a   SPI_DRV8711_ReadWrite
0000e1ba   __mspabi_srai
0000e1c6   __mspabi_srai_15
0000e1c8   __mspabi_srai_14
0000e1ca   __mspabi_srai_13
0000e1cc   __mspabi_srai_12
0000e1ce   __mspabi_srai_11
0000e1d0   __mspabi_srai_10
0000e1d2   __mspabi_srai_9
0000e1d4   __mspabi_srai_8
0000e1d6   __mspabi_srai_7
0000e1d8   __mspabi_srai_6
0000e1da   __mspabi_srai_5
0000e1dc   __mspabi_srai_4
0000e1de   __mspabi_srai_3
0000e1e0   __mspabi_srai_2
0000e1e2   __mspabi_srai_1
0000e1e6   __mspabi_slli
0000e1f2   __mspabi_slli_15
0000e1f4   __mspabi_slli_14
0000e1f6   __mspabi_slli_13
0000e1f8   __mspabi_slli_12
0000e1fa   __mspabi_slli_11
0000e1fc   __mspabi_slli_10
0000e1fe   __mspabi_slli_9
0000e200   __mspabi_slli_8
0000e202   __mspabi_slli_7
0000e204   __mspabi_slli_6
0000e206   __mspabi_slli_5
0000e208   __mspabi_slli_4
0000e20a   __mspabi_slli_3
0000e20c   __mspabi_slli_2
0000e20e   __mspabi_slli_1
0000e212   USCI0RX_ISR
0000e23c   uartInit
0000e266   ProcessCommand
0000e28c   __mspabi_mpyl
0000e2b2   __mspabi_fltuf
0000e2d6   GetSizeOfMAUIn8bitByte
0000e2f4   Timer1_A0
0000e312   WriteToCmdBuffer
0000e32c   _c_int00
0000e32c   _c_int00_noexit
0000e346   main
0000e360   VerifyInputCmdHeaders
0000e374   __TI_zero_init
0000e388   __mspabi_mpyi
0000e39c   __TI_decompress_none
0000e3ae   memcpy
0000e3c0   WriteByteToInCmdBuffer
0000e3d0   __mspabi_func_epilog_7
0000e3d2   __mspabi_func_epilog_6
0000e3d4   __mspabi_func_epilog_5
0000e3d6   __mspabi_func_epilog_4
0000e3d8   __mspabi_func_epilog_3
0000e3da   __mspabi_func_epilog_2
0000e3dc   __mspabi_func_epilog_1
0000e3e0   GetRWFlag
0000e3ec   WatchDog_Timer
0000e3f8   Write8bitByteToCOM
0000e3f8   uartTxByte
0000e404   ClearBufferRelatedParam
0000e40e   GetInputCmdType
0000e418   GetTransferSizeInMAU
0000e422   __TI_decompress_rle24
0000e428   GetTargetEndianness
0000e42c   _system_pre_init
0000e430   C$$EXIT
0000e430   abort
0000e434   Trap_ISR
0000e44c   __TI_Handler_Table_Base
0000e452   __TI_Handler_Table_Limit
0000e456   __TI_CINIT_Base
0000e45e   __TI_CINIT_Limit
0000ffe4   __TI_int02
0000ffe6   __TI_int03
0000ffea   __TI_int05
0000ffec   __TI_int06
0000ffee   __TI_int07
0000fff0   __TI_int08
0000fff2   __TI_int09
0000fff4   __TI_int10
0000fff6   __TI_int11
0000fff8   __TI_int12
0000fffa   __TI_int13
0000fffc   __TI_int14
0000fffe   _reset_vector
ffffffff   __binit__
ffffffff   __c_args__
ffffffff   binit
UNDEFED    __TI_INITARRAY_Base
UNDEFED    __TI_INITARRAY_Limit

[339 symbols]
