******************************************************************************
                  MSP430 Linker PC v4.1.7                      
******************************************************************************
>> Linked Wed Mar 12 13:40:33 2014

OUTPUT FILE NAME:   <BOOST-DRV8711_FIRMWARE.out>
ENTRY POINT SYMBOL: "_c_int00"  address: 0000c640


MEMORY CONFIGURATION

         name            origin    length      used     unused   attr    fill
----------------------  --------  ---------  --------  --------  ----  --------
  SFR                   00000000   00000010  00000000  00000010  RWIX
  PERIPHERALS_8BIT      00000010   000000f0  00000000  000000f0  RWIX
  PERIPHERALS_16BIT     00000100   00000100  00000000  00000100  RWIX
  RAM                   00000200   00000200  000000fc  00000104  RWIX
  INFOD                 00001000   00000040  00000000  00000040  RWIX
  INFOC                 00001040   00000040  00000000  00000040  RWIX
  INFOB                 00001080   00000040  00000000  00000040  RWIX
  INFOA                 000010c0   00000040  00000000  00000040  RWIX
  FLASH                 0000c000   00003fe0  00000752  0000388e  RWIX
  INT00                 0000ffe0   00000002  00000000  00000002  RWIX
  INT01                 0000ffe2   00000002  00000000  00000002  RWIX
  INT02                 0000ffe4   00000002  00000000  00000002  RWIX
  INT03                 0000ffe6   00000002  00000000  00000002  RWIX
  INT04                 0000ffe8   00000002  00000000  00000002  RWIX
  INT05                 0000ffea   00000002  00000000  00000002  RWIX
  INT06                 0000ffec   00000002  00000000  00000002  RWIX
  INT07                 0000ffee   00000002  00000002  00000000  RWIX
  INT08                 0000fff0   00000002  00000000  00000002  RWIX
  INT09                 0000fff2   00000002  00000000  00000002  RWIX
  INT10                 0000fff4   00000002  00000000  00000002  RWIX
  INT11                 0000fff6   00000002  00000000  00000002  RWIX
  INT12                 0000fff8   00000002  00000000  00000002  RWIX
  INT13                 0000fffa   00000002  00000002  00000000  RWIX
  INT14                 0000fffc   00000002  00000000  00000002  RWIX
  RESET                 0000fffe   00000002  00000002  00000000  RWIX


SECTION ALLOCATION MAP

 output                                  attributes/
section   page    origin      length       input sections
--------  ----  ----------  ----------   ----------------
.init_array 
*          0    0000c000    00000000     UNINITIALIZED

.bss       0    00000200    00000096     UNINITIALIZED
                  00000200    00000050     utility.obj (.bss)
                  00000250    00000046     monitor.obj (.bss)

.TI.noinit 
*          0    00000200    00000000     UNINITIALIZED

.data      0    00000296    00000016     
                  00000296    00000014     utility.obj (.data)
                  000002aa    00000002     monitor.obj (.data)

.TI.persistent 
*          0    00000296    00000000     UNINITIALIZED

.stack     0    000003b0    00000050     UNINITIALIZED
                  000003b0    00000002     rts430_eabi.lib : boot.obj (.stack)
                  000003b2    0000004e     --HOLE--

.text      0    0000c000    00000736     
                  0000c000    00000160     utility.obj (.text:Initialize)
                  0000c160    0000010a     utility.obj (.text:UpdateDRV8711Registers)
                  0000c26a    0000006e     utility.obj (.text:UpdateGPIO)
                  0000c2d8    00000066     monitor.obj (.text:receivedDataCommand)
                  0000c33e    0000005e     rts430_eabi.lib : copy_decompress_rle.obj (.text:__TI_decompress_rle_core)
                  0000c39c    0000005e                     : autoinit.obj (.text:_auto_init)
                  0000c3fa    00000050     monitor.obj (.text:MemAccessCmd)
                  0000c44a    0000004a     monitor.obj (.text:WriteMAUToCOM)
                  0000c494    0000003a     monitor.obj (.text:GetInCmdAddress)
                  0000c4ce    00000038     monitor.obj (.text:GetWriteCmdDataMAU)
                  0000c506    00000030     utility.obj (.text:SPI_DRV8711_ReadWrite)
                  0000c536    0000002c     rts430_eabi.lib : asr16.obj (.text)
                  0000c562    0000002c                     : lsl16.obj (.text)
                  0000c58e    0000002a     uart.obj (.text:USCI0RX_ISR)
                  0000c5b8    0000002a     uart.obj (.text:uartInit)
                  0000c5e2    00000026     monitor.obj (.text:ProcessCommand)
                  0000c608    0000001e     monitor.obj (.text:GetSizeOfMAUIn8bitByte)
                  0000c626    0000001a     monitor.obj (.text:WriteToCmdBuffer)
                  0000c640    0000001a     rts430_eabi.lib : boot.obj (.text:_c_int00_noexit)
                  0000c65a    00000014     monitor.obj (.text:VerifyInputCmdHeaders)
                  0000c66e    00000014     rts430_eabi.lib : copy_zero_init.obj (.text:decompress:ZI:__TI_zero_init)
                  0000c682    00000014                     : mult16.obj (.text)
                  0000c696    00000012                     : copy_decompress_none.obj (.text:decompress:none:__TI_decompress_none)
                  0000c6a8    00000012     main.obj (.text:main)
                  0000c6ba    00000012     rts430_eabi.lib : memcpy.obj (.text:memcpy)
                  0000c6cc    00000010     monitor.obj (.text:WriteByteToInCmdBuffer)
                  0000c6dc    00000010     rts430_eabi.lib : epilog.obj (.text)
                  0000c6ec    0000000c     monitor.obj (.text:GetRWFlag)
                  0000c6f8    0000000c     uart.obj (.text:uartTxByte)
                  0000c704    0000000a     monitor.obj (.text:ClearBufferRelatedParam)
                  0000c70e    0000000a     monitor.obj (.text:GetInputCmdType)
                  0000c718    0000000a     monitor.obj (.text:GetTransferSizeInMAU)
                  0000c722    00000006     rts430_eabi.lib : copy_decompress_rle.obj (.text:decompress:rle24:__TI_decompress_rle24)
                  0000c728    00000004     monitor.obj (.text:GetTargetEndianness)
                  0000c72c    00000004     rts430_eabi.lib : pre_init.obj (.text:_system_pre_init)
                  0000c730    00000004                     : exit.obj (.text:abort)
                  0000c734    00000002     main.obj (.text:Timer_A)

.cinit     0    0000c736    0000001c     
                  0000c736    00000009     (.cinit..data.load) [load image, compression = rle]
                  0000c73f    00000001     --HOLE-- [fill = 0]
                  0000c740    00000006     (__TI_handler_table)
                  0000c746    00000004     (.cinit..bss.load) [load image, compression = zero_init]
                  0000c74a    00000008     (__TI_cinit_table)

USCIAB0RX 
*          0    0000ffee    00000002     
                  0000ffee    00000002     uart.obj (.int07)

TIMER1_A0 
*          0    0000fffa    00000002     
                  0000fffa    00000002     main.obj (.int13)

.reset     0    0000fffe    00000002     
                  0000fffe    00000002     rts430_eabi.lib : boot.obj (.reset)


LINKER GENERATED COPY TABLES

__TI_cinit_table @ 0000c74a records: 2, size/record: 4, table size: 8
	.data: load addr=0000c736, load size=00000009 bytes, run addr=00000296, run size=00000016 bytes, compression=rle
	.bss: load addr=0000c746, load size=00000004 bytes, run addr=00000200, run size=00000096 bytes, compression=zero_init


LINKER GENERATED HANDLER TABLE

__TI_handler_table @ 0000c740 records: 3, size/record: 2, table size: 6
	index: 0, handler: __TI_zero_init
	index: 1, handler: __TI_decompress_rle24
	index: 2, handler: __TI_decompress_none


GLOBAL SYMBOLS: SORTED ALPHABETICALLY BY Name 

address    name
--------   ----
0000004a   ADC10AE0
000001b0   ADC10CTL0
000001b2   ADC10CTL1
00000048   ADC10DTC0
00000049   ADC10DTC1
000001b4   ADC10MEM
000001bc   ADC10SA
00000057   BCSCTL1
00000058   BCSCTL2
00000053   BCSCTL3
0000c730   C$$EXIT
00000059   CACTL1
0000005a   CACTL2
000010fb   CALBC1_12MHZ
000010f9   CALBC1_16MHZ
000010ff   CALBC1_1MHZ
000010fd   CALBC1_8MHZ
000010fa   CALDCO_12MHZ
000010f8   CALDCO_16MHZ
000010fe   CALDCO_1MHZ
000010fc   CALDCO_8MHZ
0000005b   CAPD
0000c704   ClearBufferRelatedParam
000002a8   Count
00000056   DCOCTL
00000128   FCTL1
0000012a   FCTL2
0000012c   FCTL3
000002a0   G_BIN1
0000029e   G_BIN2
0000021c   G_BLANK_REG
00000200   G_CTRL_REG
00000222   G_DECAY_REG
0000029c   G_DIR_AIN2
00000230   G_DRIVE_REG
00000216   G_OFF_REG
00000298   G_RESET
00000228   G_STALL_REG
0000023e   G_STATUS_REG
0000029a   G_STEP_AIN1
00000210   G_TORQUE_REG
000002a2   G_nFAULT
00000296   G_nSLEEP
000002a4   G_nSTALL
0000c494   GetInCmdAddress
0000c70e   GetInputCmdType
0000c6ec   GetRWFlag
0000c608   GetSizeOfMAUIn8bitByte
0000c728   GetTargetEndianness
0000c718   GetTransferSizeInMAU
0000c4ce   GetWriteCmdDataMAU
00000000   IE1
00000001   IE2
00000002   IFG1
00000003   IFG2
0000c000   Initialize
0000c3fa   MemAccessCmd
00000022   P1DIR
00000025   P1IE
00000024   P1IES
00000023   P1IFG
00000020   P1IN
00000021   P1OUT
00000027   P1REN
00000026   P1SEL
00000041   P1SEL2
0000002a   P2DIR
0000002d   P2IE
0000002c   P2IES
0000002b   P2IFG
00000028   P2IN
00000029   P2OUT
0000002f   P2REN
0000002e   P2SEL
00000042   P2SEL2
0000001a   P3DIR
00000018   P3IN
00000019   P3OUT
00000010   P3REN
0000001b   P3SEL
00000043   P3SEL2
0000c5e2   ProcessCommand
0000c506   SPI_DRV8711_ReadWrite
00000172   TA0CCR0
00000174   TA0CCR1
00000176   TA0CCR2
00000162   TA0CCTL0
00000164   TA0CCTL1
00000166   TA0CCTL2
00000160   TA0CTL
0000012e   TA0IV
00000170   TA0R
00000192   TA1CCR0
00000194   TA1CCR1
00000196   TA1CCR2
00000182   TA1CCTL0
00000184   TA1CCTL1
00000186   TA1CCTL2
00000180   TA1CTL
0000011e   TA1IV
00000190   TA1R
000002a6   TestData
0000c734   Timer_A
0000005d   UCA0ABCTL
00000062   UCA0BR0
00000063   UCA0BR1
00000060   UCA0CTL0
00000061   UCA0CTL1
0000005f   UCA0IRRCTL
0000005e   UCA0IRTCTL
00000064   UCA0MCTL
00000066   UCA0RXBUF
00000065   UCA0STAT
00000067   UCA0TXBUF
0000006a   UCB0BR0
0000006b   UCB0BR1
00000068   UCB0CTL0
00000069   UCB0CTL1
0000006c   UCB0I2CIE
00000118   UCB0I2COA
0000011a   UCB0I2CSA
0000006e   UCB0RXBUF
0000006d   UCB0STAT
0000006f   UCB0TXBUF
0000c58e   USCI0RX_ISR
0000c160   UpdateDRV8711Registers
0000c26a   UpdateGPIO
0000c65a   VerifyInputCmdHeaders
00000120   WDTCTL
0000c6f8   Write8bitByteToCOM
0000c6cc   WriteByteToInCmdBuffer
0000c44a   WriteMAUToCOM
0000c626   WriteToCmdBuffer
00000400   __STACK_END
00000050   __STACK_SIZE
0000c74a   __TI_CINIT_Base
0000c752   __TI_CINIT_Limit
0000c740   __TI_Handler_Table_Base
0000c746   __TI_Handler_Table_Limit
UNDEFED    __TI_INITARRAY_Base
UNDEFED    __TI_INITARRAY_Limit
00000001   __TI_args_main
0000c696   __TI_decompress_none
0000c722   __TI_decompress_rle24
00000001   __TI_exit
0000c66e   __TI_zero_init
ffffffff   __binit__
ffffffff   __c_args__
0000c6e8   __mspabi_func_epilog_1
0000c6e6   __mspabi_func_epilog_2
0000c6e4   __mspabi_func_epilog_3
0000c6e2   __mspabi_func_epilog_4
0000c6e0   __mspabi_func_epilog_5
0000c6de   __mspabi_func_epilog_6
0000c6dc   __mspabi_func_epilog_7
0000c682   __mspabi_mpyi
0000c562   __mspabi_slli
0000c58a   __mspabi_slli_1
0000c578   __mspabi_slli_10
0000c576   __mspabi_slli_11
0000c574   __mspabi_slli_12
0000c572   __mspabi_slli_13
0000c570   __mspabi_slli_14
0000c56e   __mspabi_slli_15
0000c588   __mspabi_slli_2
0000c586   __mspabi_slli_3
0000c584   __mspabi_slli_4
0000c582   __mspabi_slli_5
0000c580   __mspabi_slli_6
0000c57e   __mspabi_slli_7
0000c57c   __mspabi_slli_8
0000c57a   __mspabi_slli_9
0000c536   __mspabi_srai
0000c55e   __mspabi_srai_1
0000c54c   __mspabi_srai_10
0000c54a   __mspabi_srai_11
0000c548   __mspabi_srai_12
0000c546   __mspabi_srai_13
0000c544   __mspabi_srai_14
0000c542   __mspabi_srai_15
0000c55c   __mspabi_srai_2
0000c55a   __mspabi_srai_3
0000c558   __mspabi_srai_4
0000c556   __mspabi_srai_5
0000c554   __mspabi_srai_6
0000c552   __mspabi_srai_7
0000c550   __mspabi_srai_8
0000c54e   __mspabi_srai_9
0000c39c   _auto_init
0000c640   _c_int00
0000c640   _c_int00_noexit
0000fffe   _reset_vector
000003b0   _stack
0000c72c   _system_pre_init
0000c730   abort
ffffffff   binit
00000250   gInCmdBuffer
000002aa   gInCmdBufferIdx
00000294   gInCmdSkipCount
0000c6a8   main
0000c6ba   memcpy
0000c2d8   receivedDataCommand
0000c5b8   uartInit
0000c6f8   uartTxByte


GLOBAL SYMBOLS: SORTED BY Symbol Address 

address    name
--------   ----
00000000   IE1
00000001   IE2
00000001   __TI_args_main
00000001   __TI_exit
00000002   IFG1
00000003   IFG2
00000010   P3REN
00000018   P3IN
00000019   P3OUT
0000001a   P3DIR
0000001b   P3SEL
00000020   P1IN
00000021   P1OUT
00000022   P1DIR
00000023   P1IFG
00000024   P1IES
00000025   P1IE
00000026   P1SEL
00000027   P1REN
00000028   P2IN
00000029   P2OUT
0000002a   P2DIR
0000002b   P2IFG
0000002c   P2IES
0000002d   P2IE
0000002e   P2SEL
0000002f   P2REN
00000041   P1SEL2
00000042   P2SEL2
00000043   P3SEL2
00000048   ADC10DTC0
00000049   ADC10DTC1
0000004a   ADC10AE0
00000050   __STACK_SIZE
00000053   BCSCTL3
00000056   DCOCTL
00000057   BCSCTL1
00000058   BCSCTL2
00000059   CACTL1
0000005a   CACTL2
0000005b   CAPD
0000005d   UCA0ABCTL
0000005e   UCA0IRTCTL
0000005f   UCA0IRRCTL
00000060   UCA0CTL0
00000061   UCA0CTL1
00000062   UCA0BR0
00000063   UCA0BR1
00000064   UCA0MCTL
00000065   UCA0STAT
00000066   UCA0RXBUF
00000067   UCA0TXBUF
00000068   UCB0CTL0
00000069   UCB0CTL1
0000006a   UCB0BR0
0000006b   UCB0BR1
0000006c   UCB0I2CIE
0000006d   UCB0STAT
0000006e   UCB0RXBUF
0000006f   UCB0TXBUF
00000118   UCB0I2COA
0000011a   UCB0I2CSA
0000011e   TA1IV
00000120   WDTCTL
00000128   FCTL1
0000012a   FCTL2
0000012c   FCTL3
0000012e   TA0IV
00000160   TA0CTL
00000162   TA0CCTL0
00000164   TA0CCTL1
00000166   TA0CCTL2
00000170   TA0R
00000172   TA0CCR0
00000174   TA0CCR1
00000176   TA0CCR2
00000180   TA1CTL
00000182   TA1CCTL0
00000184   TA1CCTL1
00000186   TA1CCTL2
00000190   TA1R
00000192   TA1CCR0
00000194   TA1CCR1
00000196   TA1CCR2
000001b0   ADC10CTL0
000001b2   ADC10CTL1
000001b4   ADC10MEM
000001bc   ADC10SA
00000200   G_CTRL_REG
00000210   G_TORQUE_REG
00000216   G_OFF_REG
0000021c   G_BLANK_REG
00000222   G_DECAY_REG
00000228   G_STALL_REG
00000230   G_DRIVE_REG
0000023e   G_STATUS_REG
00000250   gInCmdBuffer
00000294   gInCmdSkipCount
00000296   G_nSLEEP
00000298   G_RESET
0000029a   G_STEP_AIN1
0000029c   G_DIR_AIN2
0000029e   G_BIN2
000002a0   G_BIN1
000002a2   G_nFAULT
000002a4   G_nSTALL
000002a6   TestData
000002a8   Count
000002aa   gInCmdBufferIdx
000003b0   _stack
00000400   __STACK_END
000010f8   CALDCO_16MHZ
000010f9   CALBC1_16MHZ
000010fa   CALDCO_12MHZ
000010fb   CALBC1_12MHZ
000010fc   CALDCO_8MHZ
000010fd   CALBC1_8MHZ
000010fe   CALDCO_1MHZ
000010ff   CALBC1_1MHZ
0000c000   Initialize
0000c160   UpdateDRV8711Registers
0000c26a   UpdateGPIO
0000c2d8   receivedDataCommand
0000c39c   _auto_init
0000c3fa   MemAccessCmd
0000c44a   WriteMAUToCOM
0000c494   GetInCmdAddress
0000c4ce   GetWriteCmdDataMAU
0000c506   SPI_DRV8711_ReadWrite
0000c536   __mspabi_srai
0000c542   __mspabi_srai_15
0000c544   __mspabi_srai_14
0000c546   __mspabi_srai_13
0000c548   __mspabi_srai_12
0000c54a   __mspabi_srai_11
0000c54c   __mspabi_srai_10
0000c54e   __mspabi_srai_9
0000c550   __mspabi_srai_8
0000c552   __mspabi_srai_7
0000c554   __mspabi_srai_6
0000c556   __mspabi_srai_5
0000c558   __mspabi_srai_4
0000c55a   __mspabi_srai_3
0000c55c   __mspabi_srai_2
0000c55e   __mspabi_srai_1
0000c562   __mspabi_slli
0000c56e   __mspabi_slli_15
0000c570   __mspabi_slli_14
0000c572   __mspabi_slli_13
0000c574   __mspabi_slli_12
0000c576   __mspabi_slli_11
0000c578   __mspabi_slli_10
0000c57a   __mspabi_slli_9
0000c57c   __mspabi_slli_8
0000c57e   __mspabi_slli_7
0000c580   __mspabi_slli_6
0000c582   __mspabi_slli_5
0000c584   __mspabi_slli_4
0000c586   __mspabi_slli_3
0000c588   __mspabi_slli_2
0000c58a   __mspabi_slli_1
0000c58e   USCI0RX_ISR
0000c5b8   uartInit
0000c5e2   ProcessCommand
0000c608   GetSizeOfMAUIn8bitByte
0000c626   WriteToCmdBuffer
0000c640   _c_int00
0000c640   _c_int00_noexit
0000c65a   VerifyInputCmdHeaders
0000c66e   __TI_zero_init
0000c682   __mspabi_mpyi
0000c696   __TI_decompress_none
0000c6a8   main
0000c6ba   memcpy
0000c6cc   WriteByteToInCmdBuffer
0000c6dc   __mspabi_func_epilog_7
0000c6de   __mspabi_func_epilog_6
0000c6e0   __mspabi_func_epilog_5
0000c6e2   __mspabi_func_epilog_4
0000c6e4   __mspabi_func_epilog_3
0000c6e6   __mspabi_func_epilog_2
0000c6e8   __mspabi_func_epilog_1
0000c6ec   GetRWFlag
0000c6f8   Write8bitByteToCOM
0000c6f8   uartTxByte
0000c704   ClearBufferRelatedParam
0000c70e   GetInputCmdType
0000c718   GetTransferSizeInMAU
0000c722   __TI_decompress_rle24
0000c728   GetTargetEndianness
0000c72c   _system_pre_init
0000c730   C$$EXIT
0000c730   abort
0000c734   Timer_A
0000c740   __TI_Handler_Table_Base
0000c746   __TI_Handler_Table_Limit
0000c74a   __TI_CINIT_Base
0000c752   __TI_CINIT_Limit
0000fffe   _reset_vector
ffffffff   __binit__
ffffffff   __c_args__
ffffffff   binit
UNDEFED    __TI_INITARRAY_Base
UNDEFED    __TI_INITARRAY_Limit

[204 symbols]
